Archive member included to satisfy reference by file (symbol)

cpu/br28/liba/libbt_lib.a(bt.o)
                              obj/Release/apps/common/music/general_player.o (symbol from plugin) (bt_background_event_handler_filter)
cpu/br28/liba/libbt_lib.a(bt_event_fun.o)
                              obj/Release/apps/soundbox/task_manager/linein/linein.o (symbol from plugin) (get_bt_back_flag)
cpu/br28/liba/libbt_lib.a(bt_key_fun.o)
                              bt.o (symbol from plugin) (bt_key_event_filter_before)
cpu/br28/liba/libbt_lib.a(bt_product_test.o)
                              bt.o (symbol from plugin) (bt_fast_test_api)
cpu/br28/liba/libbt_lib.a(bt_switch_fun.o)
                              bt_event_fun.o (symbol from plugin) (wait_exit_btstack_flag)
cpu/br28/liba/libbt_lib.a(vol_sync.o)
                              bt.o (symbol from plugin) (vol_sys_tab_init)
cpu/br28/liba/libbt_lib.a(broadcast_audio_sync.o)
                              obj/Release/cpu/br28/audio_dec/audio_dec_file.o (symbol from plugin) (broadcast_audio_sync_block_input)
cpu/br28/liba/libbt_lib.a(rcsp_linein_func.o)
                              obj/Release/apps/soundbox/task_manager/linein/linein.o (symbol from plugin) (rcsp_linein_msg_deal)
cpu/br28/liba/libbt_lib.a(rcsp_function.o)
                              obj/Release/apps/soundbox/common/dev_status.o (symbol from plugin) (rcsp_function_update)
cpu/br28/liba/libbt_lib.a(rcsp_adv_bluetooth.o)
                              obj/Release/apps/soundbox/bt/rcsp/bt_trans_data/ble_rcsp_adv.o (symbol from plugin) (adv_info_notify)
cpu/br28/liba/libbt_lib.a(adv_bt_name_setting.o)
                              rcsp_adv_bluetooth.o (symbol from plugin) (adv_edr_name_change_now)
cpu/br28/liba/libbt_lib.a(rcsp_color_led_setting.o)
                              rcsp_function.o (symbol from plugin) (get_color_led_setting_data_len)
cpu/br28/liba/libbt_lib.a(rcsp_misc_setting.o)
                              rcsp_function.o (symbol from plugin) (get_misc_setting_data_len)
cpu/br28/liba/libbt_lib.a(rcsp_music_info_setting.o)
                              rcsp_adv_bluetooth.o (symbol from plugin) (get_player_time_en)
cpu/br28/liba/libbt_lib.a(rcsp_vol_setting.o)
                              bt_event_fun.o (symbol from plugin) (rcsp_set_device_volume)
cpu/br28/liba/libbt_lib.a(rcsp_setting_opt.o)
                              adv_bt_name_setting.o (symbol from plugin) (register_rcsp_setting_opt_setting)
cpu/br28/liba/libbt_lib.a(rcsp_switch_device.o)
                              obj/Release/apps/common/third_party_profile/common/custom_cfg.o (symbol from plugin) (get_rcsp_support_new_reconn_flag)
cpu/br28/liba/libbt_lib.a(rcsp_update.o)
                              obj/Release/apps/soundbox/bt/rcsp/ble_rcsp_module.o (symbol from plugin) (get_jl_update_flag)
cpu/br28/liba/libbt_lib.a(rcsp_command.o)
                              rcsp_music_info_setting.o (symbol from plugin) (rcsp_find_device_key_flag_get)
cpu/br28/liba/libbt_lib.a(rcsp.o)
                              rcsp_linein_func.o (symbol from plugin) (rcsp_handle_get)
cpu/br28/liba/libbt_lib.a(rcsp_bt_manage.o)
                              bt_event_fun.o (symbol from plugin) (rcsp_bt_state_set_page_scan_enable)
cpu/br28/liba/libbt_lib.a(rcsp_config.o)
                              obj/Release/apps/soundbox/bt/rcsp/bt_trans_data/ble_rcsp_adv.o (symbol from plugin) (get_defalut_bt_channel_sel)
cpu/br28/liba/libbt_lib.a(rcsp_event.o)
                              rcsp_function.o (symbol from plugin) (rcsp_msg_post)
cpu/br28/liba/libbt_lib.a(rcsp_manage.o)
                              obj/Release/apps/soundbox/bt/rcsp/ble_rcsp_module.o (symbol from plugin) (get_rcsp_connect_status)
cpu/br28/liba/libbt_lib.a(rcsp_task.o)
                              rcsp_manage.o (symbol from plugin) (app_rcsp_task_switch_stop)
cpu/br28/liba/libbt_lib.a(cmd_recieve.o)
                              rcsp.o (symbol from plugin) (cmd_recieve)
cpu/br28/liba/libbt_lib.a(cmd_recieve_no_respone.o)
                              rcsp.o (symbol from plugin) (cmd_recieve_no_respone)
cpu/br28/liba/libbt_lib.a(cmd_respone.o)
                              rcsp.o (symbol from plugin) (cmd_respone)
cpu/br28/liba/libbt_lib.a(data_recieve.o)
                              rcsp.o (symbol from plugin) (data_recieve)
cpu/br28/liba/libbt_lib.a(data_recieve_no_respone.o)
                              rcsp.o (symbol from plugin) (data_recieve_no_respone)
cpu/br28/liba/libbt_lib.a(data_respone.o)
                              rcsp.o (symbol from plugin) (data_respone)
cpu/br28/liba/libbt_lib.a(rcsp_browser.o)
                              rcsp_function.o (symbol from plugin) (rcsp_browser_file_ext)
cpu/br28/liba/libbt_lib.a(rcsp_bt_func.o)
                              rcsp_function.o (symbol from plugin) (bt_func_set)
cpu/br28/liba/libbt_lib.a(rcsp_fm_func.o)
                              rcsp_function.o (symbol from plugin) (fm_func_set)
[...]
Memory Configuration

Name             Origin             Length             Attributes
code0            0x06000100         0x00200000         xr
ram0             0x00100000         0x0009fb80         xrw
*default*        0x00000000         0xffffffff

Linker script and memory map

LOAD obj/Release/apps/common/audio/amplitude_statistic.o
LOAD cpu\br28\tools\sdk.elf.o
LOAD obj/Release/apps/common/audio/audio_digital_vol.o
LOAD obj/Release/apps/common/audio/audio_export_demo.o
LOAD obj/Release/apps/common/audio/audio_utils.o
LOAD obj/Release/apps/common/audio/decode/audio_key_tone.o
LOAD obj/Release/apps/common/audio/decode/decode.o
LOAD obj/Release/apps/common/audio/demo/audio_mic_enc_dec_demo.o
LOAD obj/Release/apps/common/audio/encode/encode_write_file.o
LOAD obj/Release/apps/common/audio/sine_make.o
LOAD obj/Release/apps/common/audio/stream/stream_entry.o
LOAD obj/Release/apps/common/audio/stream/stream_src.o
LOAD obj/Release/apps/common/audio/stream/stream_sync.o
LOAD obj/Release/apps/common/audio/uartPcmSender.o
LOAD obj/Release/apps/common/audio/wm8978/iic.o
LOAD obj/Release/apps/common/audio/wm8978/wm8978.o
LOAD obj/Release/apps/common/bt_common/bt_test_api.o
LOAD obj/Release/apps/common/charge_box/chargeIc_manage.o
LOAD obj/Release/apps/common/charge_box/chgbox_box.o
LOAD obj/Release/apps/common/charge_box/chgbox_ctrl.o
LOAD obj/Release/apps/common/charge_box/chgbox_det.o
LOAD obj/Release/apps/common/charge_box/chgbox_handshake.o
LOAD obj/Release/apps/common/charge_box/chgbox_ui.o
LOAD obj/Release/apps/common/charge_box/chgbox_ui_drv_pwmled.o
LOAD obj/Release/apps/common/charge_box/chgbox_ui_drv_timer.o
LOAD obj/Release/apps/common/charge_box/chgbox_wireless.o
LOAD obj/Release/apps/common/config/app_config.o
LOAD obj/Release/apps/common/config/bt_profile_config.o
LOAD obj/Release/apps/common/config/ci_transport_uart.o
LOAD obj/Release/apps/common/config/new_cfg_tool.o
LOAD obj/Release/apps/common/debug/debug.o
LOAD obj/Release/apps/common/debug/debug_lite.o
LOAD obj/Release/apps/common/dev_manager/dev_manager.o
LOAD obj/Release/apps/common/dev_manager/dev_reg.o
LOAD obj/Release/apps/common/dev_manager/dev_update.o
LOAD obj/Release/apps/common/device/bmp280/bmp280.o
LOAD obj/Release/apps/common/device/detection.o
LOAD obj/Release/apps/common/device/fm/bk1080/Bk1080.o
LOAD obj/Release/apps/common/device/fm/fm_inside/fm_inside.o
LOAD obj/Release/apps/common/device/fm/fm_manage.o
LOAD obj/Release/apps/common/device/fm/qn8035/QN8035.o
LOAD obj/Release/apps/common/device/fm/rda5807/RDA5807.o
LOAD obj/Release/apps/common/device/fm_emitter/ac3433/ac3433.o
LOAD obj/Release/apps/common/device/fm_emitter/fm_emitter_manage.o
LOAD obj/Release/apps/common/device/fm_emitter/fm_inside/fm_emitter_inside.o
LOAD obj/Release/apps/common/device/fm_emitter/qn8007/qn8007.o
LOAD obj/Release/apps/common/device/fm_emitter/qn8027/qn8027.o
LOAD obj/Release/apps/common/device/gps/atk1218_bd.o
LOAD obj/Release/apps/common/device/gSensor/da230.o
LOAD obj/Release/apps/common/device/gSensor/gSensor_manage.o
LOAD obj/Release/apps/common/device/gSensor/SC7A20.o
LOAD obj/Release/apps/common/device/key/adkey.o
LOAD obj/Release/apps/common/device/key/adkey_rtcvdd.o
LOAD obj/Release/apps/common/device/key/ctmu_touch_key.o
LOAD obj/Release/apps/common/device/key/iokey.o
LOAD obj/Release/apps/common/device/key/irkey.o
LOAD obj/Release/apps/common/device/key/key_driver.o
LOAD obj/Release/apps/common/device/key/rdec_key.o
LOAD obj/Release/apps/common/device/key/slidekey.o
LOAD obj/Release/apps/common/device/key/touch_key.o
LOAD obj/Release/apps/common/device/max30102/algorithm.o
LOAD obj/Release/apps/common/device/max30102/max30102.o
LOAD obj/Release/apps/common/device/norflash/norflash.o
LOAD obj/Release/apps/common/device/qmc5883/qmc5883.o
LOAD obj/Release/apps/common/device/usb/device/cdc.o
LOAD obj/Release/apps/common/device/usb/device/custom_hid.o
LOAD obj/Release/apps/common/device/usb/device/descriptor.o
LOAD obj/Release/apps/common/device/usb/device/hid.o
LOAD obj/Release/apps/common/device/usb/device/msd.o
LOAD obj/Release/apps/common/device/usb/device/msd_upgrade.o
LOAD obj/Release/apps/common/device/usb/device/rcsp_hid_inter.o
LOAD obj/Release/apps/common/device/usb/device/task_pc.o
LOAD obj/Release/apps/common/device/usb/device/uac1.o
LOAD obj/Release/apps/common/device/usb/device/uac_stream.o
LOAD obj/Release/apps/common/device/usb/device/usb_device.o
LOAD obj/Release/apps/common/device/usb/device/user_setup.o
LOAD obj/Release/apps/common/device/usb/host/adb.o
LOAD obj/Release/apps/common/device/usb/host/aoa.o
LOAD obj/Release/apps/common/device/usb/host/apple_mfi.o
LOAD obj/Release/apps/common/device/usb/host/audio.o
LOAD obj/Release/apps/common/device/usb/host/audio_demo.o
LOAD obj/Release/apps/common/device/usb/host/hid.o
LOAD obj/Release/apps/common/device/usb/host/usb_bulk_transfer.o
LOAD obj/Release/apps/common/device/usb/host/usb_ctrl_transfer.o
LOAD obj/Release/apps/common/device/usb/host/usb_host.o
LOAD obj/Release/apps/common/device/usb/host/usb_storage.o
LOAD obj/Release/apps/common/device/usb/usb_config.o
LOAD obj/Release/apps/common/device/usb/usb_host_config.o
LOAD obj/Release/apps/common/fat_nor/cfg_private.o
LOAD obj/Release/apps/common/fat_nor/nandflash_ftl.o
LOAD obj/Release/apps/common/fat_nor/nor_fs.o
LOAD obj/Release/apps/common/fat_nor/phone_rec_fs.o
LOAD obj/Release/apps/common/fat_nor/virfat_flash.o
LOAD obj/Release/apps/common/file_operate/file_api.o
LOAD obj/Release/apps/common/file_operate/file_bs_deal.o
LOAD obj/Release/apps/common/file_operate/file_manager.o
LOAD obj/Release/apps/common/iap/iAP_des.o
LOAD obj/Release/apps/common/iap/iAP_device.o
LOAD obj/Release/apps/common/iap/iAP_iic.o
LOAD obj/Release/apps/common/music/breakpoint.o
LOAD obj/Release/apps/common/music/general_player.o
LOAD obj/Release/apps/common/music/music_decrypt.o
LOAD obj/Release/apps/common/music/music_id3.o
LOAD obj/Release/apps/common/music/music_player.o
LOAD obj/Release/apps/common/rec_nor/nor_interface.o
LOAD obj/Release/apps/common/rec_nor/nor_rec_fs.o
LOAD obj/Release/apps/common/temp_trim/adc_dtemp_alog.o
LOAD obj/Release/apps/common/temp_trim/dtemp_pll_trim.o
LOAD obj/Release/apps/common/third_party_profile/common/3th_profile_api.o
LOAD obj/Release/apps/common/third_party_profile/common/custom_cfg.o
LOAD obj/Release/apps/common/third_party_profile/common/mic_rec.o
LOAD obj/Release/apps/common/third_party_profile/interface/app_protocol_api.o
LOAD obj/Release/apps/common/third_party_profile/interface/app_protocol_common.o
LOAD obj/Release/apps/common/third_party_profile/interface/app_protocol_dma.o
LOAD obj/Release/apps/common/third_party_profile/interface/app_protocol_gma.o
LOAD obj/Release/apps/common/third_party_profile/interface/app_protocol_mma.o
LOAD obj/Release/apps/common/third_party_profile/interface/app_protocol_ota.o
LOAD obj/Release/apps/common/third_party_profile/interface/app_protocol_tme.o
LOAD obj/Release/apps/common/third_party_profile/jieli/hid_user.o
LOAD obj/Release/apps/common/third_party_profile/jieli/online_db/online_db_deal.o
LOAD obj/Release/apps/common/ui/interface/ui_platform.o
LOAD obj/Release/apps/common/ui/interface/ui_pushScreen_manager.o
LOAD obj/Release/apps/common/ui/interface/ui_resources_manager.o
LOAD obj/Release/apps/common/ui/interface/ui_synthesis_manager.o
LOAD obj/Release/apps/common/ui/interface/ui_synthesis_oled.o
LOAD obj/Release/apps/common/ui/interface/watch_bgp.o
LOAD obj/Release/apps/common/ui/lcd/lcd_ui_api.o
LOAD obj/Release/apps/common/ui/lcd_drive/lcd_spi/oled_spi_ssd1306_128x64.o
LOAD obj/Release/apps/common/ui/lcd_drive/spi_oled_drive.o
LOAD obj/Release/apps/common/ui/lcd_simple/lcd_simple_api.o
LOAD obj/Release/apps/common/ui/lcd_simple/ui.o
LOAD obj/Release/apps/common/ui/lcd_simple/ui_mainmenu.o
LOAD obj/Release/apps/common/update/norflash_ufw_update.o
LOAD obj/Release/apps/common/update/norflash_update.o
LOAD obj/Release/apps/common/update/testbox_update.o
LOAD obj/Release/apps/common/update/uart_update.o
LOAD obj/Release/apps/common/update/uart_update_master.o
LOAD obj/Release/apps/common/update/update.o
LOAD obj/Release/apps/common/wireless_dev_manager/wireless_dev_manager.o
LOAD obj/Release/apps/soundbox/aec/br28/audio_aec.o
LOAD obj/Release/apps/soundbox/aec/br28/audio_aec_demo.o
LOAD obj/Release/apps/soundbox/aec/br28/audio_aec_online.o
LOAD obj/Release/apps/soundbox/app_main.o
LOAD obj/Release/apps/soundbox/board/br28/board_demo.o
LOAD obj/Release/apps/soundbox/board/br28/key_table/adkey_table.o
LOAD obj/Release/apps/soundbox/board/br28/key_table/iokey_table.o
LOAD obj/Release/apps/soundbox/board/br28/key_table/irkey_table.o
LOAD obj/Release/apps/soundbox/board/br28/key_table/rdec_key_table.o
LOAD obj/Release/apps/soundbox/board/br28/key_table/touch_key_table.o
LOAD obj/Release/apps/soundbox/broadcast/app_broadcast.o
LOAD obj/Release/apps/soundbox/broadcast/broadcast.o
LOAD obj/Release/apps/soundbox/broadcast/broadcast_test.o
LOAD obj/Release/apps/soundbox/bt/multi_demo/le_multi_trans.o
LOAD obj/Release/apps/soundbox/bt/rcsp/ble_rcsp_module.o
LOAD obj/Release/apps/soundbox/bt/rcsp/bt_trans_data/ble_rcsp_adv.o
LOAD obj/Release/apps/soundbox/bt/rcsp/bt_trans_data/ble_rcsp_multi_trans.o
LOAD obj/Release/apps/soundbox/bt/trans_data_demo/le_trans_data.o
LOAD obj/Release/apps/soundbox/common/dev_status.o
LOAD obj/Release/apps/soundbox/common/init.o
LOAD obj/Release/apps/soundbox/common/task_table.o
LOAD obj/Release/apps/soundbox/common/tone_table.o
LOAD obj/Release/apps/soundbox/common/user_cfg_new.o
LOAD obj/Release/apps/soundbox/font/fontinit.o
LOAD obj/Release/apps/soundbox/log_config/app_config.o
LOAD obj/Release/apps/soundbox/log_config/lib_btctrler_config.o
LOAD obj/Release/apps/soundbox/log_config/lib_btstack_config.o
LOAD obj/Release/apps/soundbox/log_config/lib_driver_config.o
LOAD obj/Release/apps/soundbox/log_config/lib_media_config.o
LOAD obj/Release/apps/soundbox/log_config/lib_system_config.o
LOAD obj/Release/apps/soundbox/log_config/lib_update_config.o
LOAD obj/Release/apps/soundbox/power_manage/app_charge.o
LOAD obj/Release/apps/soundbox/power_manage/app_chargestore.o
LOAD obj/Release/apps/soundbox/power_manage/app_power_manage.o
LOAD obj/Release/apps/soundbox/qlapp/lsm6d_driver/ql_lsm6d_driver.o
LOAD obj/Release/apps/soundbox/qlapp/ohr_drv_afe.o
LOAD obj/Release/apps/soundbox/qlapp/qlhktapp.o
LOAD obj/Release/apps/soundbox/qlapp/qlio_int.o
LOAD obj/Release/apps/soundbox/qlapp/qlohrmo2app.o
LOAD obj/Release/apps/soundbox/qlapp/si1181_driver/si117x_config.o
LOAD obj/Release/apps/soundbox/qlapp/si1181_driver/si117x_functions.o
LOAD obj/Release/apps/soundbox/sdk_version.z.o
LOAD obj/Release/apps/soundbox/soundcard/lamp.o
LOAD obj/Release/apps/soundbox/soundcard/notice.o
LOAD obj/Release/apps/soundbox/soundcard/peripheral.o
LOAD obj/Release/apps/soundbox/soundcard/soundcard.o
LOAD obj/Release/apps/soundbox/task_manager/app_common.o
LOAD obj/Release/apps/soundbox/task_manager/app_task_switch.o
LOAD obj/Release/apps/soundbox/task_manager/broadcast_mic/broadcast_mic.o
LOAD obj/Release/apps/soundbox/task_manager/broadcast_mic/mic_api.o
LOAD obj/Release/apps/soundbox/task_manager/fm/fm.o
LOAD obj/Release/apps/soundbox/task_manager/fm/fm_api.o
LOAD obj/Release/apps/soundbox/task_manager/fm/fm_rw.o
LOAD obj/Release/apps/soundbox/task_manager/idle/idle.o
LOAD obj/Release/apps/soundbox/task_manager/linein/linein.o
LOAD obj/Release/apps/soundbox/task_manager/linein/linein_api.o
LOAD obj/Release/apps/soundbox/task_manager/linein/linein_dev.o
LOAD obj/Release/apps/soundbox/task_manager/music/music.o
LOAD obj/Release/apps/soundbox/task_manager/pc/pc.o
LOAD obj/Release/apps/soundbox/task_manager/power_off/power_off.o
LOAD obj/Release/apps/soundbox/task_manager/power_on/power_on.o
LOAD obj/Release/apps/soundbox/task_manager/record/record.o
LOAD obj/Release/apps/soundbox/task_manager/rtc/alarm_api.o
LOAD obj/Release/apps/soundbox/task_manager/rtc/alarm_user.o
LOAD obj/Release/apps/soundbox/task_manager/rtc/rtc.o
LOAD obj/Release/apps/soundbox/task_manager/rtc/virtual_rtc.o
LOAD obj/Release/apps/soundbox/task_manager/sleep/sleep.o
LOAD obj/Release/apps/soundbox/task_manager/spdif/hdmi_cec_drv.o
LOAD obj/Release/apps/soundbox/task_manager/spdif/spdif.o
LOAD obj/Release/apps/soundbox/task_manager/task_key.o
LOAD obj/Release/apps/soundbox/task_manager/unisound/unisound_ais100.o
LOAD obj/Release/apps/soundbox/task_manager/unisound/unisound_mic.o
LOAD obj/Release/apps/soundbox/third_party_profile/ancs_client_demo/ancs_client_demo.o
LOAD obj/Release/apps/soundbox/third_party_profile/app_protocol_deal.o
LOAD obj/Release/apps/soundbox/third_party_profile/trans_data_demo/trans_data_demo.o
LOAD obj/Release/apps/soundbox/ui/color_led/color_led_app.o
LOAD obj/Release/apps/soundbox/ui/color_led/color_led_table.o
LOAD obj/Release/apps/soundbox/ui/color_led/driver/color_led.o
LOAD obj/Release/apps/soundbox/ui/color_led/driver/color_led_driver.o
LOAD obj/Release/apps/soundbox/ui/lcd/lyrics_api.o
LOAD obj/Release/apps/soundbox/ui/lcd/STYLE_02/bt_action.o
LOAD obj/Release/apps/soundbox/ui/lcd/STYLE_02/clock_action.o
LOAD obj/Release/apps/soundbox/ui/lcd/STYLE_02/file_brower.o
LOAD obj/Release/apps/soundbox/ui/lcd/STYLE_02/fm_action.o
LOAD obj/Release/apps/soundbox/ui/lcd/STYLE_02/linein_action.o
LOAD obj/Release/apps/soundbox/ui/lcd/STYLE_02/music_action.o
LOAD obj/Release/apps/soundbox/ui/lcd/STYLE_02/pc_action.o
LOAD obj/Release/apps/soundbox/ui/lcd/STYLE_02/record_action.o
LOAD obj/Release/apps/soundbox/ui/lcd/STYLE_02/system_action.o
LOAD obj/Release/apps/soundbox/ui/lcd/ui_sys_param_api.o
LOAD obj/Release/apps/soundbox/ui/lcd_simple/my_demo.o
LOAD obj/Release/apps/soundbox/ui/led7/ui_bt.o
LOAD obj/Release/apps/soundbox/ui/led7/ui_common.o
LOAD obj/Release/apps/soundbox/ui/led7/ui_fm.o
LOAD obj/Release/apps/soundbox/ui/led7/ui_fm_emitter.o
LOAD obj/Release/apps/soundbox/ui/led7/ui_idle.o
LOAD obj/Release/apps/soundbox/ui/led7/ui_linein.o
LOAD obj/Release/apps/soundbox/ui/led7/ui_music.o
LOAD obj/Release/apps/soundbox/ui/led7/ui_pc.o
LOAD obj/Release/apps/soundbox/ui/led7/ui_record.o
LOAD obj/Release/apps/soundbox/ui/led7/ui_rtc.o
LOAD obj/Release/apps/soundbox/ui/led/pwm_led_api.o
LOAD obj/Release/apps/soundbox/ui/led/pwm_led_para_table.o
LOAD obj/Release/apps/soundbox/user_api/app_pwmled_api.o
LOAD obj/Release/apps/soundbox/user_api/app_record_api.o
LOAD obj/Release/apps/soundbox/user_api/app_special_play_api.o
LOAD obj/Release/apps/soundbox/user_api/app_status_api.o
LOAD obj/Release/apps/soundbox/user_api/dev_multiplex_api.o
LOAD obj/Release/apps/soundbox/user_api/product_info_api.o
LOAD obj/Release/apps/soundbox/version.o
LOAD obj/Release/apps/soundbox/wireless/ble/big.o
LOAD obj/Release/cpu/br28/adc_api.o
LOAD obj/Release/cpu/br28/aec_tool.o
LOAD obj/Release/cpu/br28/audio_codec_clock.o
LOAD obj/Release/cpu/br28/audio_common/app_audio.o
LOAD obj/Release/cpu/br28/audio_common/sound_device_driver.o
LOAD obj/Release/cpu/br28/audio_common/sound_pcm_demo.o
LOAD obj/Release/cpu/br28/audio_dec/audio_dec.o
LOAD obj/Release/cpu/br28/audio_dec/audio_dec_bt.o
LOAD obj/Release/cpu/br28/audio_dec/audio_dec_file.o
LOAD obj/Release/cpu/br28/audio_dec/audio_dec_fm.o
LOAD obj/Release/cpu/br28/audio_dec/audio_dec_linein.o
LOAD obj/Release/cpu/br28/audio_dec/audio_dec_midi_ctrl.o
LOAD obj/Release/cpu/br28/audio_dec/audio_dec_midi_file.o
LOAD obj/Release/cpu/br28/audio_dec/audio_dec_pc.o
LOAD obj/Release/cpu/br28/audio_dec/audio_dec_record.o
LOAD obj/Release/cpu/br28/audio_dec/audio_dec_spdif.o
LOAD obj/Release/cpu/br28/audio_dec/audio_dec_tone.o
LOAD obj/Release/cpu/br28/audio_dec/audio_spectrum.o
LOAD obj/Release/cpu/br28/audio_dec/audio_sync.o
LOAD obj/Release/cpu/br28/audio_dec/audio_usb_mic.o
LOAD obj/Release/cpu/br28/audio_dec/broadcast_dec.o
LOAD obj/Release/cpu/br28/audio_dec/lfwordana_enc_api.o
LOAD obj/Release/cpu/br28/audio_dec/tone_player.o
LOAD obj/Release/cpu/br28/audio_demo/audio_adc_demo.o
LOAD obj/Release/cpu/br28/audio_demo/audio_dac_demo.o
LOAD obj/Release/cpu/br28/audio_demo/audio_fft_demo.o
LOAD obj/Release/cpu/br28/audio_demo/audio_matrix_demo.o
LOAD obj/Release/cpu/br28/audio_demo/audio_multiple_mic_rec_demo.o
LOAD obj/Release/cpu/br28/audio_effect/audio_autotune_demo.o
LOAD obj/Release/cpu/br28/audio_effect/audio_ch_swap_demo.o
LOAD obj/Release/cpu/br28/audio_effect/audio_dynamic_eq_demo.o
LOAD obj/Release/cpu/br28/audio_effect/audio_eff_default_parm.o
LOAD obj/Release/cpu/br28/audio_effect/audio_eq_drc_demo.o
LOAD obj/Release/cpu/br28/audio_effect/audio_gain_process_demo.o
LOAD obj/Release/cpu/br28/audio_effect/audio_noise_gate_demo.o
LOAD obj/Release/cpu/br28/audio_effect/audio_sound_track_2_p_x.o
LOAD obj/Release/cpu/br28/audio_effect/audio_surround_demo.o
LOAD obj/Release/cpu/br28/audio_effect/audio_vbass_demo.o
LOAD obj/Release/cpu/br28/audio_effect/audio_voice_changer_demo.o
LOAD obj/Release/cpu/br28/audio_effect/effects_adj.o
LOAD obj/Release/cpu/br28/audio_effect/eq_config.o
LOAD obj/Release/cpu/br28/audio_enc/audio_adc_demo.o
LOAD obj/Release/cpu/br28/audio_enc/audio_enc.o
LOAD obj/Release/cpu/br28/audio_enc/audio_enc_file.o
LOAD obj/Release/cpu/br28/audio_enc/audio_enc_recoder.o
LOAD obj/Release/cpu/br28/audio_enc/audio_mic_codec.o
LOAD obj/Release/cpu/br28/audio_enc/audio_recorder_mix.o
LOAD obj/Release/cpu/br28/audio_enc/audio_sbc_codec.o
LOAD obj/Release/cpu/br28/audio_enc/broadcast_enc.o
LOAD obj/Release/cpu/br28/audio_general.o
LOAD obj/Release/cpu/br28/audio_link.o
LOAD obj/Release/cpu/br28/audio_mic/effect_linein.o
LOAD obj/Release/cpu/br28/audio_mic/effect_parm.o
LOAD obj/Release/cpu/br28/audio_mic/effect_reg.o
LOAD obj/Release/cpu/br28/audio_mic/loud_speaker.o
LOAD obj/Release/cpu/br28/audio_mic/mic_effect.o
LOAD obj/Release/cpu/br28/audio_mic/mic_stream.o
LOAD obj/Release/cpu/br28/audio_mic/simpleAGC.o
LOAD obj/Release/cpu/br28/audio_mic_capless.o
LOAD obj/Release/cpu/br28/audio_way/audio_app_stream.o
LOAD obj/Release/cpu/br28/audio_way/audio_bt_emitter/audio_bt_emitter.o
LOAD obj/Release/cpu/br28/audio_way/audio_bt_emitter/audio_bt_emitter_controller.o
LOAD obj/Release/cpu/br28/audio_way/audio_bt_emitter/audio_bt_emitter_dma.o
LOAD obj/Release/cpu/br28/audio_way/audio_bt_emitter/audio_bt_emitter_hw.o
LOAD obj/Release/cpu/br28/audio_way/audio_way.o
LOAD obj/Release/cpu/br28/audio_way/audio_way_bt_emitter.o
LOAD obj/Release/cpu/br28/audio_way/audio_way_dac.o
LOAD obj/Release/cpu/br28/charge.o
LOAD obj/Release/cpu/br28/chargestore.o
LOAD obj/Release/cpu/br28/clock_manager.o
LOAD obj/Release/cpu/br28/hw_fft.o
LOAD obj/Release/cpu/br28/iic_hw.o
LOAD obj/Release/cpu/br28/iic_soft.o
LOAD obj/Release/cpu/br28/io_led.o
LOAD obj/Release/cpu/br28/irflt.o
LOAD obj/Release/cpu/br28/localtws/localtws.o
LOAD obj/Release/cpu/br28/localtws/localtws_dec.o
LOAD obj/Release/cpu/br28/lp_touch_key.o
LOAD obj/Release/cpu/br28/lp_touch_key_tool.o
LOAD obj/Release/cpu/br28/lua_port_api.o
LOAD obj/Release/cpu/br28/mcpwm.o
LOAD obj/Release/cpu/br28/overlay_code.o
LOAD obj/Release/cpu/br28/plcnt.o
LOAD obj/Release/cpu/br28/power/power_app.o
LOAD obj/Release/cpu/br28/power/power_check.o
LOAD obj/Release/cpu/br28/power/power_port.o
LOAD obj/Release/cpu/br28/power/power_trim.o
LOAD obj/Release/cpu/br28/psram.o
LOAD obj/Release/cpu/br28/pwm_led.o
LOAD obj/Release/cpu/br28/rdec.o
LOAD obj/Release/cpu/br28/setup.o
LOAD obj/Release/cpu/br28/sound_iis.o
LOAD obj/Release/cpu/br28/spi.o
LOAD obj/Release/cpu/br28/uart_dev.o
LOAD obj/Release/cpu/br28/ui_driver/ui_common.o
LOAD obj/Release/cpu/br28/umidigi_chargestore.o
START GROUP
LOAD cpu/br28/liba/libbt_lib.a
LOAD cpu/br28/liba/cpu.a
LOAD cpu/br28/liba/system.a
LOAD cpu/br28/liba/btstack.a
LOAD cpu/br28/liba/rcsp_stack.a
LOAD cpu/br28/liba/tme_stack.a
LOAD cpu/br28/liba/btctrler.a
LOAD cpu/br28/liba/aec.a
LOAD cpu/br28/liba/lib_dns.a
LOAD cpu/br28/liba/libjlsp.a
LOAD cpu/br28/liba/media.a
LOAD cpu/br28/liba/libepmotion.a
LOAD cpu/br28/liba/libAptFilt_pi32v2_OnChip.a
LOAD cpu/br28/liba/libEchoSuppress_pi32v2_OnChip.a
LOAD cpu/br28/liba/libNoiseSuppress_pi32v2_OnChip.a
LOAD cpu/br28/liba/libSplittingFilter_pi32v2_OnChip.a
LOAD cpu/br28/liba/libSMS_TDE_pi32v2_OnChip.a
LOAD cpu/br28/liba/libDelayEstimate_pi32v2_OnChip.a
LOAD cpu/br28/liba/libAdaptiveEchoSuppress_pi32v2_OnChip.a
LOAD cpu/br28/liba/libOpcore_maskrom_pi32v2_OnChip.a
LOAD cpu/br28/liba/lib_resample_cal.a
LOAD cpu/br28/liba/lib_resample_fast_cal.a
LOAD cpu/br28/liba/lib_esco_repair.a
LOAD cpu/br28/liba/sbc_eng_lib.a
LOAD cpu/br28/liba/mp3_dec_lib.a
LOAD cpu/br28/liba/mp3tsy_dec_lib.a
LOAD cpu/br28/liba/mp3_decstream_lib.a
LOAD cpu/br28/liba/m4a_tws_lib.a
LOAD cpu/br28/liba/wav_dec_lib.a
LOAD cpu/br28/liba/wma_dec_lib.a
LOAD cpu/br28/liba/flac_dec_lib.a
LOAD cpu/br28/liba/ape_dec_lib.a
LOAD cpu/br28/liba/dts_dec_lib.a
LOAD cpu/br28/liba/amr_dec_lib.a
LOAD cpu/br28/liba/agreement.a
LOAD cpu/br28/liba/media_app.a
LOAD cpu/br28/liba/jla_dec_lib.a
LOAD cpu/br28/liba/opus_dec_lib.a
LOAD cpu/br28/liba/SpectrumShow.a
LOAD cpu/br28/liba/lib_midi_dec.a
LOAD cpu/br28/liba/bt_hash_enc.a
LOAD cpu/br28/liba/lib_word_ana.a
LOAD cpu/br28/liba/drc.a
LOAD cpu/br28/liba/DynamicEQ.a
LOAD cpu/br28/liba/lib_voiceChager.a
LOAD cpu/br28/liba/VirtualBass.a
LOAD cpu/br28/liba/lib_sur_cal.a
LOAD cpu/br28/liba/loudness.a
LOAD cpu/br28/liba/howling.a
LOAD cpu/br28/liba/noisegate.a
LOAD cpu/br28/liba/lib_howlings_phf.a
LOAD cpu/br28/liba/crossover_coff.a
LOAD cpu/br28/liba/lib_reverb_cal.a
LOAD cpu/br28/liba/lib_pitch_speed.a
LOAD cpu/br28/liba/lfaudio_plc_lib.a
LOAD cpu/br28/liba/libFFT_pi32v2_OnChip.a
LOAD cpu/br28/liba/wtg_dec_lib.a
LOAD cpu/br28/liba/bfilterfun_lib.a
LOAD cpu/br28/liba/crypto_toolbox_Osize.a
LOAD cpu/br28/liba/unisound/libaik.a
LOAD cpu/br28/liba/unisound/libkws.a
LOAD cpu/br28/liba/unisound/libssp.a
LOAD cpu/br28/liba/unisound/libssp_1mic.a
LOAD cpu/br28/liba/unisound/libssp_2mic_aec.a
LOAD cpu/br28/liba/unisound/libssp_2mic_mlp_aec.a
LOAD cpu/br28/liba/unisound/libual-osal.a
LOAD cpu/br28/liba/unisound/libumd.a
LOAD cpu/br28/liba/mp3_enc_lib.a
LOAD cpu/br28/liba/lib_mp2_code.a
LOAD cpu/br28/liba/lib_adpcm_code.a
LOAD cpu/br28/liba/lib_adpcm_ima_code.a
LOAD cpu/br28/liba/speex_enc_lib.a
LOAD cpu/br28/liba/amr_enc_lib.a
LOAD cpu/br28/liba/jla_codec_lib.a
LOAD cpu/br28/liba/opus_enc_lib.a
LOAD cpu/br28/liba/update.a
LOAD cpu/br28/liba/ui_dot.a
LOAD cpu/br28/liba/ui_cpu.a
LOAD cpu/br28/liba/ui_draw.a
LOAD cpu/br28/liba/font.a
LOAD cpu/br28/liba/res.a
LOAD cpu/br28/liba/OHRL2_codeblock.a
END GROUP
                0x0001fd6c                lp_signature_set = 0x1fd6c
                0x0001fd70                memmem = 0x1fd70
                0x0001fd74                memcpy = 0x1fd74
                0x0001fd78                memmove = 0x1fd78
                0x0001fd7c                memcmp = 0x1fd7c
                0x0001fd80                memset = 0x1fd80
                0x0001fd84                strcmp = 0x1fd84
                0x0001fd88                strcpy = 0x1fd88
                0x0001fd8c                strlen = 0x1fd8c
                0x0001fd90                strncmp = 0x1fd90
                0x0001fd94                strstr = 0x1fd94
                0x0001fd98                strchr = 0x1fd98
                0x0001fd9c                __divdi3 = 0x1fd9c
                0x0001fda0                __udivmoddi4 = 0x1fda0
                0x0001fda4                __adddf3 = 0x1fda4
                0x0001fda8                __fixdfsi = 0x1fda8
                0x0001fdac                flush_dcache = 0x1fdac
                0x0001fdb0                flushinv_dcache = 0x1fdb0
                0x0001fdb4                IcuWaitIdle = 0x1fdb4
                0x0001fdb8                DcuWaitIdle = 0x1fdb8
                0x0001fdbc                IcuInitial = 0x1fdbc
                0x0001fdc0                DcuInitial = 0x1fdc0
                0x0001fdcc                sfc_drop_cache = 0x1fdcc
                0x0001fdd0                chip_crc16 = 0x1fdd0
                0x0001fdd4                CrcDecode = 0x1fdd4
                0x0001fdd8                get_flash_file_key = 0x1fdd8
                0x0001fddc                dec_isd_cfg_ini = 0x1fddc
                0x0001fde0                _jlfs_mount = 0x1fde0
                0x0001fde4                sfc_boot = 0x1fde4
                0x0001fde8                mask_init = 0x1fde8
                0x0001fdf0                nvram_set_boot_state = 0x1fdf0
                0x0001fdf4                chip_reset = 0x1fdf4
                0x0001fdf8                the_debug_isr = 0x1fdf8
                0x0001fdfc                print = 0x1fdfc
                0x0001fe00                sprintf = 0x1fe00
                0x0001fe04                printf = 0x1fe04
                0x0001fe08                puts = 0x1fe08
                0x0001fe0c                doe = 0x1fe0c
                0x0001fe10                spi_get_port = 0x1fe10
                0x0001fe14                _pll_init = 0x1fe14
                0x0001fe18                flash_poweron = 0x1fe18
                0x0001fe1c                spi_unmount = 0x1fe1c
                0x0001fe20                spi_port_io_init = 0x1fe20
                0x0001fe24                usb_slave_mode = 0x1fe24
                0x0001fe28                LZ4_setStreamDecode = 0x1fe28
                0x0001fe2c                LZ4_decompress_safe_continue = 0x1fe2c
                0x0001fe30                LZ4_decompress_generic = 0x1fe30
                0x0001fe34                _sdk_mkey_lock = 0x1fe34
                0x0001fe38                g_hash_function = 0x1fe38
                0x0001fe3c                f1_hash_function = 0x1fe3c
                0x0001fe40                f2_hash_function = 0x1fe40
                0x0001fe44                f3_hash_function = 0x1fe44
                0x0001fe48                h2_hash_function = 0x1fe48
                0x0001fe4c                h3_hash_function = 0x1fe4c
                0x0001fe50                h4_hash_function = 0x1fe50
                0x0001fe54                h5_hash_function = 0x1fe54
                0x0001fe58                g_function = 0x1fe58
                0x0001fe5c                f1_function = 0x1fe5c
                0x0001fe60                f2_function = 0x1fe60
                0x0001fe64                f3_function = 0x1fe64
                0x0001fe68                sha256Compute = 0x1fe68
                0x0001fe6c                uECC_compute_public_key = 0x1fe6c
                0x0001fe70                uECC_shared_secret = 0x1fe70
                0x0001fe74                bi_initialize = 0x1fe74
                0x0001fe78                bi_read_from_byte = 0x1fe78
                0x0001fe7c                bi_poly_mod2 = 0x1fe7c
                0x0001fe80                bi_poly_mul = 0x1fe80
                0x0001fe84                trim = 0x1fe84
                0x0001fe88                bi_wirte_to_byte = 0x1fe88
                0x0001fe8c                bi_free = 0x1fe8c
                0x0001fe90                bi_terminate = 0x1fe90
                0x0001fe94                get_cvsd_codec_ops = 0x1fe94
                0x00018590                wtgv2_silk_NLSF_CB_NB_MB = 0x18590
                0x0001848c                wtgv2_LSFCosTab_FIX_Q12 = 0x1848c
                0x00018a88                icdf_global_table = 0x18a88
                0x0001fe98                get_wtgv2dec_ops = 0x1fe98
                0x0001fe9c                wtgv2_silk_Decode = 0x1fe9c
                0x0001fea0                wtgv2_silk_decode_frame = 0x1fea0
                0x0001fea4                wtgv2_silk_decoder_set_fs = 0x1fea4
                0x0001fea8                wtgv2_silk_decode_indices = 0x1fea8
                0x0001feac                wtgv2_silk_decode_pulses = 0x1feac
                0x0001feb0                wtgv2_silk_decode_parameters = 0x1feb0
                0x0001feb4                wtgv2_silk_decode_core = 0x1feb4
                0x0001feb8                logAprx_CORDIC_float = 0x1feb8
                0x0001febc                expAprx_CORDIC_float = 0x1febc
                0x0001fec0                magnAprx_float = 0x1fec0
                0x0001fec4                MatrixCopy_float_c_c = 0x1fec4
                0x0001fec8                MatrixCopy_float_f_f = 0x1fec8
                0x0001fecc                MatrixEwMulAndSumOneDim_float_c_c_c_s0 = 0x1fecc
                0x0001fed0                MatrixEwMulAndSumOneDim_float_c_c_c_s1 = 0x1fed0
                0x0001fed4                MatrixEwMulAndSumOneDim_float_f_f_f_s0 = 0x1fed4
                0x0001fed8                MatrixEwMulAndSumOneDim_float_f_f_f_s1 = 0x1fed8
                0x0001fedc                MatrixEwConjMulAndSumOneDim_float_c_c_c_s0 = 0x1fedc
                0x0001fee0                MatrixEwConjMulAndSumOneDim_float_c_c_c_s1 = 0x1fee0
                0x0001fee4                VecMeanSq_s16_f32 = 0x1fee4
                0x0001fee8                VecOverShift_s16_f32 = 0x1fee8
                0x0001feec                VecMinus_s16_f32_f32 = 0x1feec
                0x0001fef0                VectorCopy_f32_s16 = 0x1fef0
                0x0001fef4                VecEleMul_s16_s16_f32 = 0x1fef4
                0x0001fef8                VecEleMul_f32_s16_f32 = 0x1fef8
                0x0001fefc                VecMeanSq_float_f_f = 0x1fefc
                0x0001ff00                VectorSet_float_f_f = 0x1ff00
                0x0001ff04                VecMagRecAve_float_c_f_f = 0x1ff04
                0x0001ff08                VecMulScalar_float_c_f_c = 0x1ff08
                0x0001ff0c                VecConjEleMul_float_c_c_c = 0x1ff0c
                0x0001ff10                VecPlus_float_f_f_f = 0x1ff10
                0x0001ff14                VecDivide_float_c_f_c_f = 0x1ff14
                0x0001ff18                VecPlus_float_c_c_c = 0x1ff18
                0x0001ff1c                VecConjMulRecAve_float_c_c_c_f = 0x1ff1c
                0x0001ff20                VecGetMag_float_c_f = 0x1ff20
                0x0001ff24                VecMax_float_f_f = 0x1ff24
                0x0001ff28                VecRecAve_float_f_f_f = 0x1ff28
                0x0001ff2c                VecEleMul_float_f_f_f = 0x1ff2c
                0x0001ff30                VecMagAndDiv_float_c_f_f_f = 0x1ff30
                0x0001ff34                VecMin_float_f_f = 0x1ff34
                0x0001ff38                VecMinus_float_f_f_f = 0x1ff38
                0x0001ff3c                VecMean_float_f_f = 0x1ff3c
                0x0001ff40                VecEleMul_float_c_f_c = 0x1ff40
                0x0001ff44                VecMeanSqu_float_c_f = 0x1ff44
                0x0001ff48                VecCopy_float_f_f = 0x1ff48
                0x0001ff4c                VecMin_float_f_f_f = 0x1ff4c
                0x0001ff50                VecDivide_float_f_f_f_f = 0x1ff50
                0x0001ff54                VecCompBT_float_f_f_f = 0x1ff54
                0x0001ff58                VecCondCopy_float_f_f_f = 0x1ff58
                0x0001ff5c                VecMulScalar_float_f_f_f = 0x1ff5c
                0x0001ff60                VecPlusScalar_float_f_f_f = 0x1ff60
                0x0001ff64                VecMinScalar_float_f_f_f = 0x1ff64
                0x0001ff68                VecOpposite_float_f_f = 0x1ff68
                0x0001ff6c                VecEleMla_float_f_f_f = 0x1ff6c
                0x0001ff70                VecEleMla_float_c_c_c = 0x1ff70
                0x0001ff74                VecMinus_float_c_c_c = 0x1ff74
                0x0001ff78                VecDotProduct_float_f_f_f = 0x1ff78
                0x0001ff7c                VecDotProduct_float_c_c_c = 0x1ff7c
                0x0001ff80                VecDotProduct_float_c_f_c = 0x1ff80
                0x0001ff84                VecCopy_float_c_c = 0x1ff84
                0x0001ff88                VecCopy_float_f_c = 0x1ff88
                0x0001ff8c                VecConjDotProduct_float_c_c_c = 0x1ff8c
                0x0001ff90                VecNormalize_float_c_c_f = 0x1ff90
                0x0001ff94                VecRecAve_float_c_c_f = 0x1ff94
                0x0001ff98                VecOverlapShift_float_f_f_i = 0x1ff98
                0x0001ff9c                VecMax_float_f_f_f = 0x1ff9c
                0x0001ffa0                VecConjEwMulAndDiv_float_c_c_f_f_c = 0x1ffa0
                0x0001ffa4                VecPlusMulScalar_float_c_c_f_c = 0x1ffa4
                0x0001ffa8                VecCondCopy_float_c_i_c = 0x1ffa8
                0x0001ffac                VecEleMulAndDiv_float_f_f_f_f_f = 0x1ffac
                0x0001ffb0                VectorSet_float_f_c = 0x1ffb0
                0x0001ffb4                VecDivScalar_float_f_f_f = 0x1ffb4
                0x0001ffb8                VecDivScalar_float_c_f_c = 0x1ffb8
                0x0001ffbc                VecPlusScalar_float_c_f_c = 0x1ffbc
                0x0001ffc0                VecMinScalar_float_c_f_c = 0x1ffc0
                0x00019000                mdct_tab_256 = 0x19000
                0x00019200                mdct_tab_2048 = 0x19200
                0x0001a200                sine_long_1024 = 0x1a200
                0x0001b200                sine_short_128 = 0x1b200
                0x0001b400                kbd_long_1024 = 0x1b400
                0x0001c400                kbd_short_128 = 0x1c400
                0x0001c634                Huffmancb_SCL = 0x1c634
                0x0001c844                num_swb_960_window = 0x1c844
                0x0001c850                num_swb_1024_window = 0x1c850
                0x0001c85c                num_swb_128_window = 0x1c85c
                0x0001c868                swb_offset_1024_96 = 0x1c868
                0x0001c8bc                swb_offset_128_96 = 0x1c8bc
                0x0001c8d6                swb_offset_1024_64 = 0x1c8d6
                0x0001c936                swb_offset_128_64 = 0x1c936
                0x0001c950                swb_offset_1024_48 = 0x1c950
                0x0001c9b4                swb_offset_128_48 = 0x1c9b4
                0x0001c9d2                swb_offset_1024_32 = 0x1c9d2
                0x0001ca3a                swb_offset_1024_24 = 0x1ca3a
                0x0001ca9a                swb_offset_128_24 = 0x1ca9a
                0x0001caba                swb_offset_1024_16 = 0x1caba
                0x0001cb12                swb_offset_128_16 = 0x1cb12
                0x0001cb32                swb_offset_1024_8 = 0x1cb32
                0x0001cb84                swb_offset_128_8 = 0x1cb84
                0x0001cba4                swb_offset_1024_window = 0x1cba4
                0x0001cbd4                swb_offset_128_window = 0x1cbd4
                0x0001cc04                iq_table = 0x1cc04
                0x0001d008                tns_coef_0_3 = 0x1d008
                0x0001d048                tns_coef_0_4 = 0x1d048
                0x0001d088                tns_coef_1_3 = 0x1d088
                0x0001d0c8                tns_coef_1_4 = 0x1d0c8
                0x0001d108                pow05_table = 0x1d108
                0x0001d124                sample_rates = 0x1d124
                0x0001d154                pred_sfb_max = 0x1d154
                0x0001d160                tns_sbf_max = 0x1d160
                0x0001d1a0                Huffmancb_1 = 0x1d1a0
                0x0001d338                Huffmancb_2 = 0x1d338
                0x0001d470                Huffmancb_3 = 0x1d470
                0x0001d5a8                Huffmancb_4 = 0x1d5a8
                0x0001d6d8                Huffmancb_5 = 0x1d6d8
                0x0001d820                Huffmancb_6 = 0x1d820
                0x0001d960                Huffmancb_7 = 0x1d960
                0x0001da58                Huffmancb_8 = 0x1da58
                0x0001db50                Huffmancb_9 = 0x1db50
                0x0001ddf0                Huffmancb_10 = 0x1ddf0
                0x0001e080                Huffmancb_11 = 0x1e080
                0x0001e540                AACcodeBookDTable = 0x1e540
                0x0001c83c                AAC_SFHUFF_TAB = 0x1c83c
                0x0001ffc4                get_aac_ops = 0x1ffc4
                0x0001e5b8                silk_NLSF_CB_WB = 0x1e5b8
                0x0001ea5c                silk_LTP_vq_ptrs_Q7 = 0x1ea5c
                0x0001ffc8                get_opus_enc_ops = 0x1ffc8
                0x0001ffcc                opus_encode = 0x1ffcc
                0x0001ffd0                silk_Encode = 0x1ffd0
                0x0001ffd4                silk_encode_do_VAD_FIX = 0x1ffd4
                0x0001ffd8                silk_encode_frame_FIX = 0x1ffd8
                0x0001ffdc                silk_find_pitch_lags_FIX = 0x1ffdc
                0x0001ffe0                silk_noise_shape_analysis_FIX = 0x1ffe0
                0x0001ffe4                silk_find_pred_coefs_FIX = 0x1ffe4
                0x0001ffe8                silk_process_gains_FIX = 0x1ffe8
                0x0001ffec                silk_prefilter_FIX = 0x1ffec
                0x0001fff0                silk_NSQ_del_dec_c = 0x1fff0
                0x0001fff4                silk_encode_indices = 0x1fff4
                0x0001fff8                silk_encode_pulses = 0x1fff8
                0x0001fffc                silk_ana_filt_bank_1 = 0x1fffc
                0x00003804                STFT_Win_FixHalf_M512_D160 = 0x3804
                0x00003c04                STFT_Win_FixHalf_M256_D160 = 0x3c04
                0x00003e04                STFT_Win_FixHalf_M256_D80 = 0x3e04
                0x00004004                STFT_Win_FixHalf_M128_D80 = 0x4004
                0x00000004                WOLAAnalysisFilter_Float_M64_m4_r1 = 0x4
                0x00000404                WOLASynthesisFilter_Float_M64_m4_r1 = 0x404
                0x00000804                WOLAAnalysisFilter_Float_M128_m4_r1 = 0x804
                0x00001004                WOLASynthesisFilter_Float_M128_m4_r1 = 0x1004
                0x00001804                WOLAAnalysisFilter_Float_M256_m4_r1 = 0x1804
                0x00002804                WOLASynthesisFilter_Float_M256_m4_r1 = 0x2804
                0x00009914                quantize_intervals_LF = 0x9914
                0x00009a18                invert_quantize_dither_factors_LF = 0x9a18
                0x00009b1c                quantize_dither_factors_LF = 0x9b1c
                0x00009c20                quantize_factor_select_offset_LF = 0x9c20
                0x00009ca4                hd_quantize_intervals_LF = 0x9ca4
                0x0019fc28                boot_arg_list = 0x19fc28
                0x0019fe00                _IRQ_MEM_ADDR = 0x19fe00
                0x0019fc00                _MASK_MEM_BEGIN = 0x19fc00
                0x000001a4                _MASK_MEM_SIZE = 0x1a4
                0x00000080                UPDATA_SIZE = 0x80
                0x0019fb80                UPDATA_BEG = (_MASK_MEM_BEGIN - UPDATA_SIZE)
                0x001a0000                UPDATA_BREDR_BASE_BEG = 0x1a0000
                0x00100000                RAM_LIMIT_L = 0x100000
                0x0019fb80                RAM_LIMIT_H = UPDATA_BEG
                0x0009fb80                PHY_RAM_SIZE = (RAM_LIMIT_H - RAM_LIMIT_L)
                0x0019fe00                ISR_BASE = _IRQ_MEM_ADDR
                0x000001a4                ROM_RAM_SIZE = _MASK_MEM_SIZE
                0x0019fc00                ROM_RAM_BEG = _MASK_MEM_BEGIN
                0x00100000                RAM0_BEG = (RAM_LIMIT_L + 0x0)
                0x0019fb80                RAM0_END = RAM_LIMIT_H
                0x0009fb80                RAM0_SIZE = (RAM0_END - RAM0_BEG)
                0x00100000                RAM1_BEG = RAM_LIMIT_L
                0x00100000                RAM1_END = RAM0_BEG
                0x00000000                RAM1_SIZE = (RAM1_END - RAM1_BEG)
                0x06000100                CODE_BEG = 0x6000100
                0x06000100                . = ORIGIN (code0)

.text           0x06000100    0xee758
                [!provide]                PROVIDE (text_rodata_begin, .)
 *(.startup.text)
 .startup.text  0x06000100       0x8e cpu/br28/liba/cpu.a(startup.S.o)
                0x06000100                _start
 *(.text)
 .text          0x0600018e    0x22fe4 cpu\br28\tools\sdk.elf.o
                0x0600179c                update_result_get
                0x060032fe                __errno
                0x0600364e                main
 .text          0x06023172      0x11e C:\JL\pi32\pi32v2-lib\r3-large\libm.a(lib_a-s_ceil.o)
                0x06023172                ceil
 .text          0x06023290       0x74 C:\JL\pi32\pi32v2-lib\r3-large\libm.a(lib_a-sf_cos.o)
                0x06023290                cosf
 .text          0x06023304        0x4 C:\JL\pi32\pi32v2-lib\r3-large\libm.a(lib_a-sf_fabs.o)
                0x06023304                fabsf
 .text          0x06023308       0x72 C:\JL\pi32\pi32v2-lib\r3-large\libm.a(lib_a-sf_floor.o)
                0x06023308                floorf
 .text          0x0602337a      0x10e C:\JL\pi32\pi32v2-lib\r3-large\libm.a(lib_a-s_floor.o)
                0x0602337a                floor
 .text          0x06023488       0x76 C:\JL\pi32\pi32v2-lib\r3-large\libm.a(lib_a-sf_sin.o)
                0x06023488                sinf
 .text          0x060234fe        0xa C:\JL\pi32\pi32v2-lib\r3-large\libm.a(lib_a-wf_acos.o)
                0x060234fe                acosf
 .text          0x06023508        0xa C:\JL\pi32\pi32v2-lib\r3-large\libm.a(lib_a-wf_log10.o)
                0x06023508                log10f
 .text          0x06023512        0xa C:\JL\pi32\pi32v2-lib\r3-large\libm.a(lib_a-wf_sqrt.o)
                0x06023512                sqrtf
 .text          0x0602351c      0x288 C:\JL\pi32\pi32v2-lib\r3-large\libm.a(lib_a-ef_acos.o)
                0x0602351c                __ieee754_acosf
 .text          0x060237a4       0x8c C:\JL\pi32\pi32v2-lib\r3-large\libm.a(lib_a-ef_log10.o)
                0x060237a4                __ieee754_log10f
 .text          0x06023830      0x1e4 C:\JL\pi32\pi32v2-lib\r3-large\libm.a(lib_a-ef_log.o)
                0x06023830                __ieee754_logf
 .text          0x06023a14      0x234 C:\JL\pi32\pi32v2-lib\r3-large\libm.a(lib_a-ef_rem_pio2.o)
                0x06023a14                __ieee754_rem_pio2f
 .text          0x06023c48       0x8c C:\JL\pi32\pi32v2-lib\r3-large\libm.a(lib_a-ef_sqrt.o)
                0x06023c48                __ieee754_sqrtf
 .text          0x06023cd4       0xd6 C:\JL\pi32\pi32v2-lib\r3-large\libm.a(lib_a-kf_cos.o)
                0x06023cd4                __kernel_cosf
 .text          0x06023daa      0x4a6 C:\JL\pi32\pi32v2-lib\r3-large\libm.a(lib_a-kf_rem_pio2.o)
                0x06023daa                __kernel_rem_pio2f
 .text          0x06024250       0x9e C:\JL\pi32\pi32v2-lib\r3-large\libm.a(lib_a-kf_sin.o)
                0x06024250                __kernel_sinf
 .text          0x060242ee       0xaa C:\JL\pi32\pi32v2-lib\r3-large\libm.a(lib_a-sf_scalbn.o)
                0x060242ee                scalbnf
 .text          0x06024398        0x8 C:\JL\pi32\pi32v2-lib\r3-large\libm.a(lib_a-sf_copysign.o)
                0x06024398                copysignf
 .text          0x060243a0       0x2c C:\JL\pi32\pi32v2-lib\r3-large\libc.a(lib_a-strcat.o)
                0x060243a0                strcat
 .text          0x060243cc       0x62 C:\JL\pi32\pi32v2-lib\r3-large\libc.a(lib_a-strncpy.o)
                0x060243cc                strncpy
 .text          0x0602442e       0x28 C:\JL\pi32\pi32v2-lib\r3-large\libc.a(lib_a-strrchr.o)
                0x0602442e                strrchr
 .text          0x06024456      0x1b8 C:\JL\pi32\pi32v2-lib\r3-large\libcompiler-rt.a(comparedf2.o)
                0x06024456                __ledf2
                0x06024456                __cmpdf2
                0x06024506                __gedf2
                0x060245ae                __unorddf2
                0x060245ee                __eqdf2
                0x060245f6                __ltdf2
                0x060245fe                __nedf2
                0x06024606                __gtdf2
 .text          0x0602460e      0x346 C:\JL\pi32\pi32v2-lib\r3-large\libcompiler-rt.a(divdf3.o)
                0x06024644                __divdf3
 .text          0x06024954       0x4c C:\JL\pi32\pi32v2-lib\r3-large\libcompiler-rt.a(floatsidf.o)
                0x06024954                __floatsidf
 .text          0x060249a0      0x2fa C:\JL\pi32\pi32v2-lib\r3-large\libcompiler-rt.a(muldf3.o)
                0x060249d6                __muldf3
 .text          0x06024c9a        0xc C:\JL\pi32\pi32v2-lib\r3-large\libcompiler-rt.a(subdf3.o)
                0x06024c9a                __subdf3
 .text          0x06024ca6       0x7a C:\JL\pi32\pi32v2-lib\r3-large\libcompiler-rt.a(extendsfdf2.o)
                0x06024ca6                __extendsfdf2
 .text          0x06024d20       0x34 C:\JL\pi32\pi32v2-lib\r3-large\libcompiler-rt.a(floatunsidf.o)
                0x06024d20                __floatunsidf
 .text          0x06024d54      0x146 C:\JL\pi32\pi32v2-lib\r3-large\libcompiler-rt.a(truncdfsf2.o)
                0x06024d54                __truncdfsf2
 .text          0x06024e9a       0x12 C:\JL\pi32\pi32v2-lib\r3-large\libcompiler-rt.a(udivdi3.o)
                0x06024e9a                __udivdi3
                0x06024eac                . = ALIGN (0x4)
                0x06024eac                update_target_begin = .
                [!provide]                PROVIDE (update_target_begin, .)
 *(.update_target)
 .update_target
                0x06024eac       0x20 cpu\br28\tools\sdk.elf.o
                0x06024eac                audio_update_target
                0x06024eb4                iis_update_target
                0x06024ebc                sd_update_target
                0x06024ec4                power_update_target
                0x06024ecc                update_target_end = .
                [!provide]                PROVIDE (update_target_end, .)
                0x06024ecc                . = ALIGN (0x4)
 *(.LOG_TAG_CONST*)
 *(.rodata*)
 .rodata.str1.1
                0x06024ecc     0x24a8 cpu\br28\tools\sdk.elf.o
                               0x24fa (size before relaxing)
 *fill*         0x06027374        0xc 
 .rodata.str1.16
                0x06027380     0x1ad0 cpu\br28\tools\sdk.elf.o
                               0x1ac6 (size before relaxing)
 .rodata        0x06028e50     0xfae8 cpu\br28\tools\sdk.elf.o
 .rodata.cst4   0x06038938        0xc cpu\br28\tools\sdk.elf.o
 .rodata.cst16  0x06038944       0x30 cpu\br28\tools\sdk.elf.o
 .rodata.cst8   0x06038974        0x8 cpu\br28\tools\sdk.elf.o
 .rodata._ZTV15StaticAllocatorI9floatRealE
                0x0603897c       0x10 cpu\br28\tools\sdk.elf.o
 .rodata._ZTV15StaticAllocatorI7fixRealE
                0x0603898c       0x10 cpu\br28\tools\sdk.elf.o
 .rodata.cst32  0x0603899c       0x20 cpu\br28\tools\sdk.elf.o
 .rodata.str4.4
                0x060389bc       0x48 cpu\br28\tools\sdk.elf.o
 .rodata        0x06038a04      0x398 C:\JL\pi32\pi32v2-lib\r3-large\libm.a(lib_a-ef_rem_pio2.o)
 .rodata        0x06038d9c       0x38 C:\JL\pi32\pi32v2-lib\r3-large\libm.a(lib_a-kf_rem_pio2.o)
                0x06038dd4                . = ALIGN (0x4)
                [!provide]                PROVIDE (text_rodata_end, .)
                0x06038dd4                clock_critical_handler_begin = .
 *(.clock_critical_txt)
 .clock_critical_txt
                0x06038dd4       0x30 cpu\br28\tools\sdk.elf.o
                0x06038dd4                clock_mcpwm
                0x06038ddc                clock_uart
                0x06038de4                clock_timer
                0x06038dec                clock_lrc
                0x06038df4                clock_sdx
                0x06038dfc                clock_port
                0x06038e04                clock_critical_handler_end = .
                0x06038e04                chargestore_handler_begin = .
 *(.chargestore_callback_txt)
                0x06038e04                chargestore_handler_end = .
 *(.opcore_table_maskrom)
 *(.bfilt_table_maskroom)
 *(.opcore_maskrom)
 .opcore_maskrom
                0x06038e04      0x996 cpu\br28\tools\sdk.elf.o
 *(.bfilt_code)
 .bfilt_code    0x0603979a      0x358 cpu\br28\tools\sdk.elf.o
 *(.bfilt_const)
                0x06039af4                . = ALIGN (0x4)
 *fill*         0x06039af2        0x2 
                0x06039af4                __VERSION_BEGIN = .
 *(.sys.version)
 .sys.version   0x06039af4       0x23 obj/Release/apps/soundbox/sdk_version.z.o
                0x06039b17                __VERSION_END = .
 *(.noop_version)
                0x06039b18                . = ALIGN (0x4)
 *fill*         0x06039b17        0x1 
                0x06039b18                . = ALIGN (0x4)
                0x06039b18                tool_interface_begin = .
 *(.tool_interface)
                0x06039b18                tool_interface_end = .
                0x06039b18                . = ALIGN (0x4)
                0x06039b18                cmd_interface_begin = .
 *(.eff_cmd)
 .eff_cmd       0x06039b18       0xc0 cpu\br28\tools\sdk.elf.o
                0x06039b18                an_Eq
                0x06039b28                aw_Eq
                0x06039b38                m_cross
                0x06039b48                m_whole_drc
                0x06039b58                mh_drc
                0x06039b68                mic_tunning_eq_p
                0x06039b78                ml_drc
                0x06039b88                mm_drc
                0x06039b98                music_eq
                0x06039ba8                ph_Eq
                0x06039bb8                pn_Eq
                0x06039bc8                tunning_eq_p
                0x06039bd8                cmd_interface_end = .
                0x06039bd8                . = ALIGN (0x4)
                0x06039be0                . = ALIGN (0x20)
 *fill*         0x06039bd8        0x8 
                0x06039be0                m_code_addr = .
 *(.m.code*)
 *(.movable.code*)
                0x00000000                m_code_size = ABSOLUTE ((. - m_code_addr))
                0x06039be0                . = ALIGN (0x20)
                0x06039be0                gsensor_dev_begin = .
 *(.gsensor_dev)
                0x06039be0                gsensor_dev_end = .
                0x06039be0                fm_dev_begin = .
 *(.fm_dev)
 .fm_dev        0x06039be0       0x28 cpu\br28\tools\sdk.elf.o
                0x06039c08                fm_dev_end = .
                0x06039c08                fm_emitter_dev_begin = .
 *(.fm_emitter_dev)
                0x06039c08                fm_emitter_dev_end = .
                0x06039c08                storage_device_begin = .
 *(.storage_device)
                0x06039c08                storage_device_end = .
                0x06039c08                wireless_dev_ops_begin = .
 *(.wireless_dev)
                0x06039c08                wireless_dev_ops_end = .
 *(.usr_timer_const)
 *(.usr_timer_code)
 *(.timer_const)
 *(.timer_code)
 *(.cbuf_const)
 *(.cbuf_code)
 *(.fm_data_code)
 .fm_data_code  0x06039c08       0xaa cpu\br28\tools\sdk.elf.o
 *(.fm_data_const)
                0x06039cb4                . = ALIGN (0x4)
 *fill*         0x06039cb2        0x2 
                0x06039cb4                . = ALIGN (0x4)
 *(.gpio_ram)
                0x06039cb4                . = ALIGN (0x4)
 *(.LED_code)
                0x06039cb4                . = ALIGN (0x4)
 *(.LED_const)
                0x06039cb4                . = ALIGN (0x4)
 *(.usb.text)
 .usb.text      0x06039cb4        0x8 cpu\br28\tools\sdk.elf.o
 *(.usb.text.const)
 .usb.text.const
                0x06039cbc        0x4 cpu\br28\tools\sdk.elf.o
                0x06039cc0                . = ALIGN (0x20)
                0x06039cc0                update_code_start = .
 *(.bt_updata_ram_code)
 .bt_updata_ram_code
                0x06039cc0       0xaa cpu\br28\tools\sdk.elf.o
 *(.update_const)
 *fill*         0x06039d6a        0x2 
 .update_const  0x06039d6c      0x152 cpu\br28\tools\sdk.elf.o
 *(.update_code)
 .update_code   0x06039ebe     0x163a cpu\br28\tools\sdk.elf.o
                0x0603b4f8                update_code_end = .
                0x0603b4f8                . = ALIGN (0x4)
                0x0603b4f8                btstack_code_start = .
                0x0603b4f8                . = ALIGN (0x4)
                0x0603b4f8                a2dp_source_media_codec_begin = .
 *(.a2dp_source_media_codec)
 .a2dp_source_media_codec
                0x0603b4f8       0x30 cpu\br28\tools\sdk.elf.o
                0x0603b4f8                a2dp_source_jla_codec
                0x0603b510                a2dp_source_sbc_codec
                0x0603b528                a2dp_source_media_codec_end = .
                0x0603b528                a2dp_sink_media_probe_begin = .
 *(.a2dp_sink_media_probe)
                0x0603b528                a2dp_sink_media_probe_end = .
                0x0603b528                a2dp_sink_media_codec_begin = .
 *(.a2dp_sink_media_codec)
 .a2dp_sink_media_codec
                0x0603b528       0x30 cpu\br28\tools\sdk.elf.o
                0x0603b528                a2dp_1sbc_codec_private
                0x0603b540                a2dp_2aac_sink_codec
                0x0603b558                a2dp_sink_media_codec_end = .
                0x0603b558                a2dp_event_handler_begin = .
 *(.a2dp_event_handler)
 .a2dp_event_handler
                0x0603b558       0x70 cpu\br28\tools\sdk.elf.o
                0x0603b558                a2dp_sink_event_handler
                0x0603b574                a2dp_source_event_handler
                0x0603b590                acp_a2dp_event_handler
                0x0603b5ac                acp_a2dp_src_event_handler
                0x0603b5c8                a2dp_event_handler_end = .
                0x0603b5c8                sdp_record_item_begin = .
 *(.sdp_record_item)
 .sdp_record_item
                0x0603b5c8       0x60 cpu\br28\tools\sdk.elf.o
                0x0603b5c8                a2dp_sdp_record_item
                0x0603b5d4                arp_ct_sdp_record_item
                0x0603b5e0                arp_ta_sdp_record_item
                0x0603b5ec                hfp_sdp_record_item
                0x0603b5f8                hid_sdp_record_item
                0x0603b604                pnp_sdp_record_item
                0x0603b610                spp_sdp_record_item
                0x0603b61c                spp_user_sdp_record_item
                0x0603b628                sdp_record_item_end = .
                0x0603b628                bt_sleep_begin = .
 *(.bt_sleep)
 .bt_sleep      0x0603b628       0x6c cpu\br28\tools\sdk.elf.o
                0x0603b628                bt_suspend_a2dp_resumea2dp_release
                0x0603b634                bt_suspend_avctp_resumeavctp_release
                0x0603b640                bt_suspend_hfp_resumehfp_release
                0x0603b64c                bt_suspend_hid_resumehid_release
                0x0603b658                bt_suspend_user_cmd_loop_resumeuser_cmd_loop_release
                0x0603b664                bt_suspend_spp_resumespp_release
                0x0603b670                bt_suspend_spp_up_resumespp_up_release
                0x0603b67c                bt_suspend_iap_resumeiap_release
                0x0603b688                bt_suspend_sdp_resumesdp_release
                0x0603b694                bt_sleep_end = .
 *(.bt_stack_const)
 .bt_stack_const
                0x0603b694      0x928 cpu\br28\tools\sdk.elf.o
 *(.bt_stack_code)
 .bt_stack_code
                0x0603bfbc     0xd50c cpu\br28\tools\sdk.elf.o
 *(.ble_db_const)
 *(.ble_db_code)
 *(.ble_sm_const)
 *(.ble_sm_code)
 .ble_sm_code   0x060494c8       0x40 cpu\br28\tools\sdk.elf.o
 *(.ble_att_const)
 .ble_att_const
                0x06049508       0x17 cpu\br28\tools\sdk.elf.o
 *(.ble_att_code)
 *fill*         0x0604951f        0x1 
 .ble_att_code  0x06049520      0x762 cpu\br28\tools\sdk.elf.o
 *(.ble_gatt_const)
 *(.ble_gatt_code)
 .ble_gatt_code
                0x06049c82      0x948 cpu\br28\tools\sdk.elf.o
                0x0604a5ca                BTSTACK_LE_HOST_MESH_CODE_START = .
 *(.ble_mesh_code)
 *(.ble_mesh_tinycrypt_code)
 *(.ble_mesh_const)
 *(.ble_mesh_tinycrypt_const)
                0x00000000                BTSTACK_LE_HOST_MESH_CODE_SIZE = ABSOLUTE ((. - BTSTACK_LE_HOST_MESH_CODE_START))
                0x0604a5ca                BTSTACK_LE_AUDIO_BIG_TEXT_START = .
 *(.big_rx_const)
 *(.big_tx_const)
 *(.big_common_const)
 *(.big_rx_code)
 *(.big_tx_code)
 *(.big_common_code)
                0x00000000                BTSTACK_LE_AUDIO_BIG_TEXT_SIZE = ABSOLUTE ((. - BTSTACK_LE_AUDIO_BIG_TEXT_START))
                0x0604a5ca                btstack_code_end = .
                0x0604a5cc                . = ALIGN (0x4)
 *fill*         0x0604a5ca        0x2 
                0x0604a5cc                . = ALIGN (0x4)
                0x0604a5cc                system_text_start = .
                0x0604a5cc                _device_node_begin = .
                0x0604a5cc                PROVIDE (device_node_begin, .)
 *(.device)
 .device        0x0604a5cc       0x24 cpu\br28\tools\sdk.elf.o
                0x0604a5cc                device_table
                0x0604a5f0                _device_node_end = .
                0x0604a5f0                PROVIDE (device_node_end, .)
                0x0604a5f0                config_target_begin = .
                [!provide]                PROVIDE (config_target_begin, .)
 *(.config_target)
                0x0604a5f0                config_target_end = .
                [!provide]                PROVIDE (config_target_end, .)
                0x0604a5f0                system_code_begin = .
 *(.system.*.text)
 .system.lbuf.text
                0x0604a5f0      0x4f4 cpu\br28\tools\sdk.elf.o
 .system.printf.text
                0x0604aae4      0x5a8 cpu\br28\tools\sdk.elf.o
 .system.cpu.text
                0x0604b08c      0x9f2 cpu\br28\tools\sdk.elf.o
 .system.cbuf.text
                0x0604ba7e      0x2c0 cpu\br28\tools\sdk.elf.o
 .system.event.text
                0x0604bd3e      0x42a cpu\br28\tools\sdk.elf.o
 .system.fs.text
                0x0604c168     0x9450 cpu\br28\tools\sdk.elf.o
 .system.device.text
                0x060555b8       0xe6 cpu\br28\tools\sdk.elf.o
 .system.ascii.text
                0x0605569e      0x146 cpu\br28\tools\sdk.elf.o
 .system.timer.text
                0x060557e4      0x7a6 cpu\br28\tools\sdk.elf.o
 .system.cfg_tool.text
                0x06055f8a      0x788 cpu\br28\tools\sdk.elf.o
 .system.init.text
                0x06056712       0x96 cpu\br28\tools\sdk.elf.o
                0x0605671c                boot_info_init
                0x06056746                cpu1_main
 .system.task.text
                0x060567a8      0x17e cpu\br28\tools\sdk.elf.o
 .system.app_core.text
                0x06056926      0x15e cpu\br28\tools\sdk.elf.o
                0x06056a84                system_code_end = .
                0x06056a84                . = ALIGN (0x4)
                0x0000c494                system_code_size = (system_code_end - system_code_begin)
                0x06056a84                vfs_ops_begin = .
 *(.vfs_operations)
 .vfs_operations
                0x06056a84       0xe8 cpu\br28\tools\sdk.elf.o
                0x06056a84                sdfile_vfs_ops
                0x06056af8                fat_vfs_ops
                0x06056b6c                vfs_ops_end = .
                0x06056b6c                _lib_version_begin = .
                [!provide]                PROVIDE (lib_version_begin, .)
 *(.lib_version)
 .lib_version   0x06056b6c        0xc cpu\br28\tools\sdk.elf.o
                0x06056b6c                __version_sdfile
                0x06056b70                __version_fs
                0x06056b74                __version_fatfs
                0x06056b78                _lib_version_end = .
                [!provide]                PROVIDE (lib_version_end, .)
                0x06056b78                _initcall_begin = .
                0x06056b78                PROVIDE (initcall_begin, .)
 *(.initcall)
 .initcall      0x06056b78       0x14 cpu\br28\tools\sdk.elf.o
                0x06056b78                __initcall_app_update_init
                0x06056b7c                __initcall_eff_init
                0x06056b80                __initcall_eq_init
                0x06056b84                __initcall_audio_drc_lib_init
                0x06056b88                __initcall_audio_eq_lib_init
                0x06056b8c                _initcall_end = .
                0x06056b8c                PROVIDE (initcall_end, .)
                0x06056b8c                _early_initcall_begin = .
                0x06056b8c                PROVIDE (early_initcall_begin, .)
 *(.early.initcall)
 .early.initcall
                0x06056b8c        0x8 cpu\br28\tools\sdk.elf.o
                0x06056b8c                __initcall_sys_event_init
                0x06056b90                __initcall_sdfile_init
                0x06056b94                _early_initcall_end = .
                0x06056b94                PROVIDE (early_initcall_end, .)
                0x06056b94                _late_initcall_begin = .
                0x06056b94                PROVIDE (late_initcall_begin, .)
 *(.late.initcall)
 .late.initcall
                0x06056b94       0x18 cpu\br28\tools\sdk.elf.o
                0x06056b94                __initcall_ai_mic_mutex_init
                0x06056b98                __initcall_adv_bt_name_opt_setting_init
                0x06056b9c                __initcall_adv_color_led_opt_setting_init
                0x06056ba0                __initcall_misc_setting_opt_setting_init
                0x06056ba4                __initcall_vol_setting_opt_setting_init
                0x06056ba8                __initcall_sdk_meky_check
                0x06056bac                _late_initcall_end = .
                0x06056bac                PROVIDE (late_initcall_end, .)
                0x06056bac                _platform_initcall_begin = .
                0x06056bac                PROVIDE (platform_initcall_begin, .)
 *(.platform.initcall)
 .platform.initcall
                0x06056bac        0x8 cpu\br28\tools\sdk.elf.o
                0x06056bac                __initcall_debug_record_init
                0x06056bb0                __initcall_syscfg_tools_init
                0x06056bb4                _platform_initcall_end = .
                0x06056bb4                PROVIDE (platform_initcall_end, .)
                0x06056bb4                _module_initcall_begin = .
                0x06056bb4                PROVIDE (module_initcall_begin, .)
 *(.module.initcall)
                0x06056bb4                _module_initcall_end = .
                0x06056bb4                PROVIDE (module_initcall_end, .)
                0x06056bb4                _sys_event_handler_begin = .
                0x06056bb4                PROVIDE (sys_event_handler_begin, .)
 *(.sys_event.4.handler)
 .sys_event.4.handler
                0x06056bb4        0x8 cpu\br28\tools\sdk.elf.o
                0x06056bb4                __event_handler_bt_tws_event_handler
 *(.sys_event.3.handler)
 .sys_event.3.handler
                0x06056bbc        0x8 cpu\br28\tools\sdk.elf.o
                0x06056bbc                __event_handler_app_key_event_remap
 *(.sys_event.2.handler)
 *(.sys_event.1.handler)
 *(.sys_event.0.handler)
 .sys_event.0.handler
                0x06056bc4       0x10 cpu\br28\tools\sdk.elf.o
                0x06056bc4                __event_handler_uart_event_handler
                0x06056bcc                __event_handler_app_sys_event_probe_handler
                0x06056bd4                _sys_event_handler_end = .
                0x06056bd4                PROVIDE (sys_event_handler_end, .)
                0x06056bd4                _syscfg_arg_begin = .
                [!provide]                PROVIDE (syscfg_arg_begin, .)
 *(.syscfg.arg)
                0x06056bd4                _syscfg_arg_end = .
                [!provide]                PROVIDE (syscfg_arg_end, .)
                0x06056bd4                _syscfg_handler_begin = .
                [!provide]                PROVIDE (syscfg_handler_begin, .)
 *(.syscfg.handler)
                0x06056bd4                _syscfg_handler_end = .
                [!provide]                PROVIDE (syscfg_handler_end, .)
                0x06056bd4                _syscfg_ops_begin = .
                0x06056bd4                PROVIDE (syscfg_ops_begin, .)
 *(.syscfg.2.ops)
 .syscfg.2.ops  0x06056bd4       0x1c cpu\br28\tools\sdk.elf.o
                0x06056bd4                cfg_btif
 *(.syscfg.1.ops)
 .syscfg.1.ops  0x06056bf0       0x1c cpu\br28\tools\sdk.elf.o
                0x06056bf0                cfg_vm
 *(.syscfg.0.ops)
 .syscfg.0.ops  0x06056c0c       0x1c cpu\br28\tools\sdk.elf.o
                0x06056c0c                cfg_bin
                0x06056c28                _syscfg_ops_end = .
                0x06056c28                PROVIDE (syscfg_ops_end, .)
                0x06056c28                _server_info_begin = .
                [!provide]                PROVIDE (server_info_begin, .)
 *(.server_info)
                0x06056c28                _server_info_end = .
                [!provide]                PROVIDE (server_info_end, .)
                0x06056c28                _bus_device_begin = .
                [!provide]                PROVIDE (bus_device_begin, .)
 *(.bus_device)
                0x06056c28                _bus_device_end = .
                [!provide]                PROVIDE (bus_device_end, .)
                0x06056c28                _sys_power_hal_ops_begin = .
                [!provide]                PROVIDE (sys_power_hal_ops_begin, .)
 *(.sys_power_hal_ops)
                0x06056c28                _sys_power_hal_ops_end = .
                [!provide]                PROVIDE (sys_power_hal_ops_end, .)
                0x06056c28                . = ALIGN (0x4)
                0x06056c28                _record_handle_begin = .
                0x06056c28                PROVIDE (record_handle_begin, .)
 *(.debug_record_handle_ops)
 .debug_record_handle_ops
                0x06056c28       0x60 cpu\br28\tools\sdk.elf.o
                0x06056c28                driver_record
                0x06056c38                p11_record
                0x06056c48                ret_instruction_record
                0x06056c58                sys_stack_record
                0x06056c68                system_record
                0x06056c78                task_record
                0x06056c88                _record_handle_end = .
                0x06056c88                PROVIDE (record_handle_end, .)
                0x06056c88                crypto_begin = .
 *(.crypto_ecdh_code)
 *(.crypto_ecdh_const)
 *(.crypto_bigint_code)
 .crypto_bigint_code
                0x06056c88      0x444 cpu\br28\tools\sdk.elf.o
 *(.crypto_bigint_const)
 *(.crypto_code)
 .crypto_code   0x060570cc      0x4f0 cpu\br28\tools\sdk.elf.o
 *(.crypto_const)
 .crypto_const  0x060575bc      0x171 cpu\br28\tools\sdk.elf.o
 *(.ECDH_sample_code)
 *(.ECDH_sample_const)
 *(.uECC_code)
 *fill*         0x0605772d        0x1 
 .uECC_code     0x0605772e      0xcc4 cpu\br28\tools\sdk.elf.o
 *(.uECC_const)
 *fill*         0x060583f2        0x2 
 .uECC_const    0x060583f4       0xb0 cpu\br28\tools\sdk.elf.o
 *(.hmac_code)
 .hmac_code     0x060584a4      0x4d0 cpu\br28\tools\sdk.elf.o
 *(.hmac_const)
 *(.hash_sample_code)
 *(.hash_sample_const)
 *(.aes_cmac_sample_code)
 *(.aes_cmac_sample_const)
                0x06058974                crypto_end = .
                0x00001cec                crypto_size = (. - crypto_begin)
 *(.mem_code)
 *(.mem_const)
 *(.os_port_code)
 *(.os_port_const)
 *(.os_const)
 .os_const      0x06058974       0x18 cpu\br28\tools\sdk.elf.o
 *(.math_fast_funtion_code)
 .math_fast_funtion_code
                0x0605898c       0x70 cpu\br28\tools\sdk.elf.o
                0x060589fc                __movable_function_start = .
 *(movable.text.*)
 *(movable.stub.*)
 *(movable.region.*)
                0x060589fc                __movable_function_end = .
                0x00000000                __movable_function_size = (__movable_function_end - __movable_function_start)
                0x060589fc                system_text_end = .
                0x0000e430                system_code_total_size = (system_text_end - system_text_start)
                0x060589fc                btctler_code_start = .
                0x060589fc                BTCTLER_CONTROLLER_CODE_START = .
 *(.bt_rf_const)
 .bt_rf_const   0x060589fc      0x5f8 cpu\br28\tools\sdk.elf.o
 *(.bt_rf_code)
 .bt_rf_code    0x06058ff4     0x1cd8 cpu\br28\tools\sdk.elf.o
 *(.vendor_manager_const)
 *(.vendor_manager_code)
 *(.device_manager_const)
 *(.device_manager_code)
 *(.hci_controller_const)
 .hci_controller_const
                0x0605accc       0x28 cpu\br28\tools\sdk.elf.o
 *(.hci_controller_code)
 .hci_controller_code
                0x0605acf4      0xeb8 cpu\br28\tools\sdk.elf.o
 *(.hci_interface_const)
 *(.hci_interface_code)
                0x000031b0                BTCTLER_CONTROLLER_CODE_SIZE = ABSOLUTE ((. - BTCTLER_CONTROLLER_CODE_START))
                0x0605bbac                BTCTLER_LE_CONTROLLER_CODE_START = .
 *(.ble_rf_const)
 .ble_rf_const  0x0605bbac       0x18 cpu\br28\tools\sdk.elf.o
 *(.ble_rf_code)
 .ble_rf_code   0x0605bbc4     0x3f40 cpu\br28\tools\sdk.elf.o
 *(.ble_ll_const)
 .ble_ll_const  0x0605fb04       0x46 cpu\br28\tools\sdk.elf.o
 *(.ble_ll_code)
 .ble_ll_code   0x0605fb4a     0x39ce cpu\br28\tools\sdk.elf.o
 *(.ble_hci_const)
 .ble_hci_const
                0x06063518       0x19 cpu\br28\tools\sdk.elf.o
 *(.ble_hci_code)
 *fill*         0x06063531        0x1 
 .ble_hci_code  0x06063532      0x4fa cpu\br28\tools\sdk.elf.o
                0x00007e80                BTCTLER_LE_CONTROLLER_CODE_SIZE = ABSOLUTE ((. - BTCTLER_LE_CONTROLLER_CODE_START))
                0x06063a2c                BTCTLER_CL_CODE_START = .
 *(.bredr_irq)
 *(.bredr_irq_code)
 *(.bredr_irq_const)
 *(.classic_hci_const)
 *(.classic_hci_code)
 *(.classic_lmp_const)
 .classic_lmp_const
                0x06063a2c       0x14 cpu\br28\tools\sdk.elf.o
 *(.classic_lmp_auth_const)
 .classic_lmp_auth_const
                0x06063a40      0x4f0 cpu\br28\tools\sdk.elf.o
 *(.classic_lmp_bigint_const)
 *(.classic_lmp_crypt_const)
 *(.classic_lmp_ecdh_const)
 *(.classic_lmp_hmac_const)
 *(.classic_lmp_code)
 .classic_lmp_code
                0x06063f30     0x86e6 cpu\br28\tools\sdk.elf.o
 *(.classic_lmp_auth_code)
 .classic_lmp_auth_code
                0x0606c616      0x682 cpu\br28\tools\sdk.elf.o
 *(.classic_lmp_bigint_code)
 *(.classic_lmp_crypt_code)
 *(.classic_lmp_ecdh_code)
 *(.classic_lmp_hmac_code)
 *(.classic_rf_const)
 .classic_rf_const
                0x0606cc98      0x568 cpu\br28\tools\sdk.elf.o
 *(.classic_rf_code)
 .classic_rf_code
                0x0606d200     0x558e cpu\br28\tools\sdk.elf.o
 *(.classic_bb_const)
 *(.classic_bb_code)
                0x0000ed62                BTCTLER_CL_CODE_SIZE = ABSOLUTE ((. - BTCTLER_CL_CODE_START))
 *(.classic_tws_const)
 *(.classic_tws_code)
 .classic_tws_code
                0x0607278e      0x15c cpu\br28\tools\sdk.elf.o
 *(.classic_tws_code.esco)
 .classic_tws_code.esco
                0x060728ea       0x36 cpu\br28\tools\sdk.elf.o
                0x06072920                . = ALIGN (0x4)
                0x06072920                driver_code_start = .
 *(.fm_code)
                0x06072920                CLOCK_CODE_START = .
 *(.clock.text)
 .clock.text    0x06072920     0x1352 cpu\br28\tools\sdk.elf.o
                0x06073c46                boot_clk_init
 *(.clock.text.const)
 .clock.text.const
                0x06073c72      0x928 cpu\br28\tools\sdk.elf.o
                0x00001c7a                CLOCK_CODE_SIZE = ABSOLUTE ((. - CLOCK_CODE_START))
                0x0607459a                SDMMC_CODE_START = .
 *(.sdmmc.text)
 .sdmmc.text    0x0607459a     0x230a cpu\br28\tools\sdk.elf.o
 *(.sdmmc.text.const)
 .sdmmc.text.const
                0x060768a4      0xb1e cpu\br28\tools\sdk.elf.o
                0x00002e28                SDMMC_CODE_SIZE = ABSOLUTE ((. - SDMMC_CODE_START))
 *(.vm_sfc.text)
 .vm_sfc.text   0x060773c2      0xe5e cpu\br28\tools\sdk.elf.o
 *(.vm_sfc.text.const)
 .vm_sfc.text.const
                0x06078220       0x98 cpu\br28\tools\sdk.elf.o
 *(.timer.text)
 .timer.text    0x060782b8      0x1c0 cpu\br28\tools\sdk.elf.o
 *(.timer.text.const)
 .timer.text.const
                0x06078478       0x60 cpu\br28\tools\sdk.elf.o
 *(.gpio.text)
 .gpio.text     0x060784d8      0x5cc cpu\br28\tools\sdk.elf.o
 *(.gpio.text.const)
 .gpio.text.const
                0x06078aa4       0x54 cpu\br28\tools\sdk.elf.o
 *(.debug_code)
 *(.debug_const)
 *(.uart_code)
 .uart_code     0x06078af8      0xab4 cpu\br28\tools\sdk.elf.o
 *(.uart_const)
 *(.iic_hw.text)
 .iic_hw.text   0x060795ac       0x1c cpu\br28\tools\sdk.elf.o
 *(.iic_hw.text.const)
 .iic_hw.text.const
                0x060795c8        0x4 cpu\br28\tools\sdk.elf.o
 *(.iic_soft.text)
 .iic_soft.text
                0x060795cc      0x37a cpu\br28\tools\sdk.elf.o
 *(.iic_soft.text.const)
 .iic_soft.text.const
                0x06079946       0x2e cpu\br28\tools\sdk.elf.o
 *(.spi.text)
 .spi.text      0x06079974      0x248 cpu\br28\tools\sdk.elf.o
 *(.spi.text.const)
 .spi.text.const
                0x06079bbc       0x8a cpu\br28\tools\sdk.elf.o
 *(.mcpwm.text)
 .mcpwm.text    0x06079c46       0xda cpu\br28\tools\sdk.elf.o
 *(.mcpwm.text.const)
 *(.efuse.text)
 .efuse.text    0x06079d20       0xb2 cpu\br28\tools\sdk.elf.o
 *(.efuse.text.const)
 *(.power_driver.text)
 .power_driver.text
                0x06079dd2     0x2192 cpu\br28\tools\sdk.elf.o
 *(.power_driver.text.const)
 *fill*         0x0607bf64       0x1c 
 .power_driver.text.const
                0x0607bf80      0xc44 cpu\br28\tools\sdk.elf.o
 *(.power_reset.text)
 .power_reset.text
                0x0607cbc4      0x294 cpu\br28\tools\sdk.elf.o
 *(.power_reset.text.const)
 .power_reset.text.const
                0x0607ce58       0x72 cpu\br28\tools\sdk.elf.o
 *(.power_wakeup.text)
 .power_wakeup.text
                0x0607ceca      0x6f6 cpu\br28\tools\sdk.elf.o
 *(.power_wakeup.text.const)
 .power_wakeup.text.const
                0x0607d5c0      0x185 cpu\br28\tools\sdk.elf.o
                0x0607d748                . = ALIGN (0x4)
 *fill*         0x0607d745        0x3 
                0x0607d748                lp_target_begin = .
                [!provide]                PROVIDE (lp_target_begin, .)
 *(.lp_target)
 .lp_target     0x0607d748       0xe4 cpu\br28\tools\sdk.elf.o
                0x0607d748                bt_test_lp_target
                0x0607d754                key_lp_target
                0x0607d760                hid_user_target
                0x0607d76c                ota_lp_target
                0x0607d778                linein_lp_target
                0x0607d784                linein_dev_lp_target
                0x0607d790                music_lp_target
                0x0607d79c                pc_lp_target
                0x0607d7a8                audio_dec_init_lp_target
                0x0607d7b4                bt_dec_lp_target
                0x0607d7c0                tone_dec_lp_target
                0x0607d7cc                audio_adc_demo
                0x0607d7d8                mic_demo_lp_target
                0x0607d7e4                audio_mc_device_lp_target
                0x0607d7f0                phone_incom_lp_target
                0x0607d7fc                sdx_lp_target
                0x0607d808                usb_dev_lp_target
                0x0607d814                usr_systimer_lp_target
                0x0607d820                btstack_lowpower_target
                0x0607d82c                lp_target_end = .
                [!provide]                PROVIDE (lp_target_end, .)
                0x0607d82c                . = ALIGN (0x4)
                0x0607d82c                lp_request_begin = .
                [!provide]                PROVIDE (lp_request_begin, .)
 *(.lp_request)
 .lp_request    0x0607d82c        0xc cpu\br28\tools\sdk.elf.o
                0x0607d82c                audio_dac_target
                0x0607d838                lp_request_end = .
                [!provide]                PROVIDE (lp_request_end, .)
                0x0607d838                . = ALIGN (0x4)
                0x0607d838                deepsleep_target_begin = .
                [!provide]                PROVIDE (deepsleep_target_begin, .)
 *(.deepsleep_target)
 .deepsleep_target
                0x0607d838       0x6c cpu\br28\tools\sdk.elf.o
                0x0607d838                iic
                0x0607d844                rdec
                0x0607d850                uart
                0x0607d85c                clock_sfc
                0x0607d868                tmr
                0x0607d874                periph
                0x0607d880                vm_sfc
                0x0607d88c                sdx
                0x0607d898                bt
                0x0607d8a4                deepsleep_target_end = .
                [!provide]                PROVIDE (deepsleep_target_end, .)
                0x0607d8a4                driver_code_end = .
                0x0607d8a4                media_text_start = .
 *(.der_code)
 *(.der_const)
 *(.nlp_code)
 *(.nlp_const)
 *(.qmf_code)
 .qmf_code      0x0607d8a4      0x43a cpu\br28\tools\sdk.elf.o
 *(.qmf_const)
 *fill*         0x0607dcde        0x2 
 .qmf_const     0x0607dce0       0xd8 cpu\br28\tools\sdk.elf.o
 *(.bt_audioplc_sparse_code)
 .bt_audioplc_sparse_code
                0x0607ddb8       0x2c cpu\br28\tools\sdk.elf.o
 *(.bt_audioplc_code)
 .bt_audioplc_code
                0x0607dde4      0x456 cpu\br28\tools\sdk.elf.o
 *(.bt_audioplc_const)
 *fill*         0x0607e23a        0x2 
 .bt_audioplc_const
                0x0607e23c        0xc cpu\br28\tools\sdk.elf.o
 *(.lf_audioplc_code)
 .lf_audioplc_code
                0x0607e248      0x47a cpu\br28\tools\sdk.elf.o
 *(.lf_audioplc_sparse_code)
 .lf_audioplc_sparse_code
                0x0607e6c2       0x7e cpu\br28\tools\sdk.elf.o
 *(.lf_audioplc_const)
 .lf_audioplc_const
                0x0607e740        0xc cpu\br28\tools\sdk.elf.o
                0x0607e74c                . = ALIGN (0x4)
 *(.opcore_maskrom)
                0x0607e74c                . = ALIGN (0x4)
 *(.pcm_code)
 .pcm_code      0x0607e74c       0xb4 cpu\br28\tools\sdk.elf.o
 *(.pcm_const)
 *(.fm_data_code)
 *(.g729_code)
 .g729_code     0x0607e800      0x256 cpu\br28\tools\sdk.elf.o
 *(.g729_const)
 *(.g726_code)
 *(.g726_const)
 *(.wtg_dec_code)
 .wtg_dec_code  0x0607ea56      0xe46 cpu\br28\tools\sdk.elf.o
 *(.wtg_dec_const)
 .wtg_dec_const
                0x0607f89c     0x10b4 cpu\br28\tools\sdk.elf.o
 *(.wtg_dec_sparse_code)
 .wtg_dec_sparse_code
                0x06080950       0xe8 cpu\br28\tools\sdk.elf.o
 *(.wtg_dec_sparse_const)
 *(.lib_wtg_dec_code)
 *(.lib_wtg_dec_const)
 *(.wtgv2_code)
 .wtgv2_code    0x06080a38      0x220 cpu\br28\tools\sdk.elf.o
 *(.wtgv2_const)
 *(.wtgv2dec_code)
 *(.wtgv2dec_const)
 *(.wtgv2dec_str)
 *(.wtg_decv2_sparse_code)
 *(.bfilt_code)
                0x06080c58                . = ALIGN (0x4)
 *(.mp3_decstream_const)
 *(.mp3_decstream_code)
 *(.mp3_decstream_sparse_code)
 *(.mp3_decstream_sparse_const)
 *(.mp3_dec_sparse_code)
 .mp3_dec_sparse_code
                0x06080c58     0x1632 cpu\br28\tools\sdk.elf.o
 *(.mp3_dec_sparse_const)
 *(.mp3_dec_code)
 .mp3_dec_code  0x0608228a     0x3042 cpu\br28\tools\sdk.elf.o
 *(.mp3_dec_const)
 .mp3_dec_const
                0x060852cc     0x290c cpu\br28\tools\sdk.elf.o
 *(.mp3_const)
 *(.mp3_code)
 .mp3_code      0x06087bd8      0x462 cpu\br28\tools\sdk.elf.o
 *(.msbc_code)
 .msbc_code     0x0608803a      0x60c cpu\br28\tools\sdk.elf.o
 *(.msbc_const)
 *fill*         0x06088646        0x2 
 .msbc_const    0x06088648       0x4e cpu\br28\tools\sdk.elf.o
 *(.mty_code)
 *(.mty_const)
 *(.mp3tsy_dec_code)
 *(.mp3tsy_dec_const)
 *(.mp3tsy_dec_sparse_code)
 *(.mp3tsy_dec_sparse_const)
 *(.sbc_code)
 .sbc_code      0x06088696      0x512 cpu\br28\tools\sdk.elf.o
 *(.sbc_const)
 .sbc_const     0x06088ba8        0xc cpu\br28\tools\sdk.elf.o
 *(.sine_code)
 *(.sine_const)
 *(.speex_dec_code)
 *(.speex_dec_const)
 *(.speex_const)
 *(.speex_code)
 *(.opus_code)
 *(.opus_const)
 *(.wav_dec_sparse_code)
 .wav_dec_sparse_code
                0x06088bb4      0x586 cpu\br28\tools\sdk.elf.o
 *(.wav_dec_sparse_const)
 *(.wav_dec_code)
 .wav_dec_code  0x0608913a      0xfc8 cpu\br28\tools\sdk.elf.o
 *(.wav_dec_const)
 *fill*         0x0608a102        0x2 
 .wav_dec_const
                0x0608a104      0x228 cpu\br28\tools\sdk.elf.o
 *(.wav_const)
 *(.wav_code)
 .wav_code      0x0608a32c      0x350 cpu\br28\tools\sdk.elf.o
 *(.alac_const)
 *(.alac_code)
 .alac_code     0x0608a67c      0x350 cpu\br28\tools\sdk.elf.o
 *(.alac_dec_code)
 .alac_dec_code
                0x0608a9cc      0x9b8 cpu\br28\tools\sdk.elf.o
 *(.wma_code)
 .wma_code      0x0608b384      0x41a cpu\br28\tools\sdk.elf.o
 *(.wma_const)
 *(.wma_dec_code)
 .wma_dec_code  0x0608b79e     0x2afc cpu\br28\tools\sdk.elf.o
 *(.wma_dec_const)
 *fill*         0x0608e29a        0x2 
 .wma_dec_const
                0x0608e29c     0x4144 cpu\br28\tools\sdk.elf.o
 *(.wma_dec_sparse_code)
 .wma_dec_sparse_code
                0x060923e0     0x11ac cpu\br28\tools\sdk.elf.o
 *(.wma_dec_sparse_const)
 *(.wma_decstream_const)
 *(.wma_decstream_code)
 *(.wma_decstream_sparse_code)
 *(.wma_decstream_sparse_const)
 *(.aac_code)
 .aac_code      0x0609358c      0x5d8 cpu\br28\tools\sdk.elf.o
 *(.aac_const)
 *(.amr_dec_sparse_code)
 .amr_dec_sparse_code
                0x06093b64      0x1fe cpu\br28\tools\sdk.elf.o
 *(.amr_dec_sparse_const)
 *(.amr_dec_code)
 .amr_dec_code  0x06093d62     0x3c84 cpu\br28\tools\sdk.elf.o
 *(.amr_dec_const)
 *fill*         0x060979e6        0x2 
 .amr_dec_const
                0x060979e8     0xe603 cpu\br28\tools\sdk.elf.o
 *(.amr_code)
 *fill*         0x060a5feb        0x1 
 .amr_code      0x060a5fec      0x350 cpu\br28\tools\sdk.elf.o
 *(.amr_const)
 *(.midi_code)
 *(.midi_const)
 *(.lfwordnan_const)
 *(.lfwordana_const)
 *(.lfwordana_code)
 *(.lfwordana_sparse_code)
 *(.ape_dec_sparse_code)
 *(.ape_dec_sparse_const)
 *(.ape_dec_code)
 *(.ape_dec_const)
 *(.ape_code)
 *(.ape_const)
 *(.audio_decoder_code)
 .audio_decoder_code
                0x060a633c      0xa24 cpu\br28\tools\sdk.elf.o
 *(.audio_decoder_const)
 *(.cvsd_code)
 .cvsd_code     0x060a6d60      0x34e cpu\br28\tools\sdk.elf.o
 *(.cvsd_const)
 *(.dts_dec_ff_const)
 *fill*         0x060a70ae        0x2 
 .dts_dec_ff_const
                0x060a70b0    0x11000 cpu\br28\tools\sdk.elf.o
 *(.dts_dec_sparse_code)
 .dts_dec_sparse_code
                0x060b80b0      0x288 cpu\br28\tools\sdk.elf.o
 *(.dts_dec_sparse_const)
 *(.dts_dec_code)
 .dts_dec_code  0x060b8338     0x1566 cpu\br28\tools\sdk.elf.o
 .dts_dec_code  0x060b989e      0x158 cpu/br28/liba/dts_dec_lib.a(dts_dec.o)
                0x060b989e                qmf_32_subbands
 *(.dts_dec_const)
 *fill*         0x060b99f6        0x2 
 .dts_dec_const
                0x060b99f8     0x9100 cpu\br28\tools\sdk.elf.o
 *(.dts_code)
 .dts_code      0x060c2af8      0x350 cpu\br28\tools\sdk.elf.o
 *(.dts_const)
 *(.flac_dec_sparse_code)
 *(.flac_dec_sparse_const)
 *(.flac_dec_code)
 *(.flac_dec_const)
 *(.flac_const)
 *(.flac_code)
 *(.m4a_dec_code)
 .m4a_dec_code  0x060c2e48     0x23a4 cpu\br28\tools\sdk.elf.o
 *(.m4a_dec_ff_const)
 *(.m4a_dec_const)
 *(.m4a_code)
 .m4a_code      0x060c51ec      0x436 cpu\br28\tools\sdk.elf.o
 *(.m4a_const)
 *(.mp3_encode_code)
 .mp3_encode_code
                0x060c5622      0x212 cpu\br28\tools\sdk.elf.o
 *(.mp3_encode_const)
 *(.media_device_code)
 *(.media_device_const)
 *(.audio_encoder_code)
 *(.audio_encoder_const)
 *(.mixer_code)
 .mixer_code    0x060c5834      0x8de cpu\br28\tools\sdk.elf.o
 *(.mixer_const)
 *(.stream_code)
 .stream_code   0x060c6112      0x29c cpu\br28\tools\sdk.elf.o
 *(.stream_const)
 *(.dec_server_code)
 *(.dec_server_const)
 *(.rec_server_code)
 *(.rec_server_const)
 *(.auto_mute_code)
 *(.auto_mute_const)
 *(.plc_code)
 *(.plc_const)
 *(.wireless_sync_code)
 *(.wireless_sync_const)
 *(.mp3_enc_code)
 *(.mp3_enc_const)
 *(.mp3_enc_sparse_code)
 *(.mp3_enc_sparse_const)
                0x060c63b0                . = ALIGN (0x4)
 *fill*         0x060c63ae        0x2 
 *(.mp2_encode_code)
 *(.mp2_encode_const)
 *(.mp2_encode_sparse_code)
 *(.mp2_encode_sparse_const)
                0x060c63b0                . = ALIGN (0x4)
 *(.adpcm_encode_code)
 *(.adpcm_encode_const)
 *(.adpcm_encode_sparse_code)
 *(.adpcm_encode_sparse_const)
                0x060c63b0                . = ALIGN (0x4)
 *(.m4a_dec_sparse_code)
 .m4a_dec_sparse_code
                0x060c63b0      0x802 cpu\br28\tools\sdk.elf.o
 *(.m4a_dec_sparse_const)
 *fill*         0x060c6bb2        0x2 
 .m4a_dec_sparse_const
                0x060c6bb4      0x1bc cpu\br28\tools\sdk.elf.o
 *(.aac_dec_sparse_code)
 *(.aac_dec_sparse_const)
 *(.bt_aac_dec_core_const)
 *(.bt_aac_dec_eng_const)
 .bt_aac_dec_eng_const
                0x060c6d70       0x78 cpu\br28\tools\sdk.elf.o
 *(.bt_aac_dec_eng_code)
 .bt_aac_dec_eng_code
                0x060c6de8      0xeb8 cpu\br28\tools\sdk.elf.o
 *(.bt_aac_dec_core_code)
 .bt_aac_dec_core_code
                0x060c7ca0     0x12e8 cpu\br28\tools\sdk.elf.o
 *(.bt_aac_dec_core_sparse_code)
 .bt_aac_dec_core_sparse_code
                0x060c8f88      0xbd2 cpu\br28\tools\sdk.elf.o
 *(.res_sparse_code)
 *(.ns_sparse_code)
 .ns_sparse_code
                0x060c9b5a      0x422 cpu\br28\tools\sdk.elf.o
 *(.aec_sparse_code)
 .aec_sparse_code
                0x060c9f7c       0xfe cpu\br28\tools\sdk.elf.o
 *(.nlp_sparse_code)
 *(.der_sparse_code)
 *(.qmf_sparse_code)
 .qmf_sparse_code
                0x060ca07a       0x38 cpu\br28\tools\sdk.elf.o
 *(.sms_const)
 *(.sms_sparse_code)
 *(.sms_code)
 *(.resample_cal_code)
 *(.resample_cal_sparse_code)
 *(.resample_cal_const)
 *(.bt_compressor_sparse_const)
 *(.bt_compressor_sparse_code)
 *(.compressor_sparse_code)
 *(.compressor_sparse_const)
 *(.bt_limiter_sparse_const)
 *(.bt_limiter_sparse_code)
 *(.limiter_sparse_code)
 *(.limiter_sparse_const)
 *(.bt_crossOver_sparse_const)
 *(.bt_crossOver_sparse_code)
 *(.crossOver_sparse_code)
 .crossOver_sparse_code
                0x060ca0b2      0x69a cpu\br28\tools\sdk.elf.o
 *(.crossOver_sparse_const)
 *(.iap_code)
 *(.iap_const)
 *(.audio_bfilt_code)
 *(.audio_bfilt_const)
 *(.audio_buf_sync_code)
 .audio_buf_sync_code
                0x060ca74c       0xf6 cpu\br28\tools\sdk.elf.o
 *(.audio_buf_sync_const)
 *(.audio_dec_app_code)
 .audio_dec_app_code
                0x060ca842      0xb84 cpu\br28\tools\sdk.elf.o
 *(.audio_dec_app_const)
 *fill*         0x060cb3c6        0x2 
 .audio_dec_app_const
                0x060cb3c8       0x6c cpu\br28\tools\sdk.elf.o
 *(.audio_dec_app_sync_code)
 .audio_dec_app_sync_code
                0x060cb434        0x2 cpu\br28\tools\sdk.elf.o
 *(.audio_dec_app_sync_const)
 *(.audio_dec_app_event_callback)
 .audio_dec_app_event_callback
                0x060cb436       0x64 cpu\br28\tools\sdk.elf.o
 *(.audio_dec_app_dec_run)
 .audio_dec_app_dec_run
                0x060cb49a      0x10a cpu\br28\tools\sdk.elf.o
 *(.audio_dec_app_normal_run)
 .audio_dec_app_normal_run
                0x060cb5a4       0x5a cpu\br28\tools\sdk.elf.o
 *(.audio_dec_tone_event_callback)
 .audio_dec_tone_event_callback
                0x060cb5fe      0x130 cpu\br28\tools\sdk.elf.o
 *(.audio_dig_vol_code)
 *(.audio_dig_vol_const)
 *(.audio_echo_reverb_code)
 *(.audio_echo_reverb_const)
 *(.echo_cal_code)
 *(.echo_cal_const)
 *(.platereverb_code)
 *(.platereverb_const)
 *(.reverb0_code)
 *(.reverb0_const)
 *(.reverb_cal_sparse_code)
 *(.audio_echo_src_code)
 *(.audio_echo_src_const)
 *(.audio_energy_detect_code)
 *(.audio_energy_detect_const)
 *(.audio_eq_drc_apply_code)
 *(.audio_eq_drc_apply_const)
 *(.audio_equalloudness_code)
 *(.audio_equalloudness_const)
 *(.audio_howling_code)
 *(.audio_howling_const)
 *(.howlings_phf_sparse_code)
 *(.audio_noisegate_code)
 *(.audio_noisegate_const)
 *(.noisegate_code)
 *(.noisegate_const)
 *(.noisegate_sparse_code)
 *(.noisegate_sparse_const)
 *(.audio_output_dac_code)
 *(.audio_output_dac_const)
 *(.audio_pemafrow_code)
 *(.audio_pemafrow_const)
 *(.audio_pitch_code)
 *(.audio_pitch_const)
 *(.audio_pitchspeed_code)
 *(.audio_pitchspeed_const)
 *(.audio_surround_code)
 *(.audio_surround_const)
 *(.sur_cal_common_code)
 *(.sur_TYPE0_cal_code)
 *(.sur_TYPE1_cal_code)
 *(.sur_TYPE0_cal_const)
 *(.sur_TYPE1_cal_const)
 *(.sur_LRDRIFT2_cal_code)
 *(.sur_LRDRIFT2_cal_const)
 *(.sur_ROTATE_cal_code)
 *(.sur_ROTATE_cal_const)
 *(.sur_LRDRIFT_cal_code)
 *(.sur_LRDRIFT_cal_const)
 *(.sur_cal_sparse_code)
 *(.audio_vocal_remove_code)
 *(.audio_vocal_remove_const)
 *(.audio_vocal_tract_synthesis_code)
 *(.audio_vocal_tract_synthesis_const)
 *(.eq_config_code)
 *(.eq_config_const)
 *(.eq_config_protocol_code)
 *(.eq_config_protocol_const)
 *(.spectrum_eq_code)
 *(.spectrum_eq_const)
 *(.spectrum_fft_code)
 *(.spectrum_fft_const)
 *(.audio_localtws_code)
 *(.audio_localtws_const)
 *(.audio_dec_localtws_code)
 *(.audio_dec_localtws_const)
 *(.audio_dec_a2dp_code)
 .audio_dec_a2dp_code
                0x060cb72e      0x858 cpu\br28\tools\sdk.elf.o
 *(.audio_dec_a2dp_const)
 *fill*         0x060cbf86        0x2 
 .audio_dec_a2dp_const
                0x060cbf88       0x2c cpu\br28\tools\sdk.elf.o
 *(.audio_dec_esco_code)
 .audio_dec_esco_code
                0x060cbfb4      0x254 cpu\br28\tools\sdk.elf.o
 *(.audio_dec_esco_const)
 .audio_dec_esco_const
                0x060cc208       0x2c cpu\br28\tools\sdk.elf.o
 *(.audio_dec_file_code)
 .audio_dec_file_code
                0x060cc234      0x55a cpu\br28\tools\sdk.elf.o
 *(.audio_dec_file_const)
 *fill*         0x060cc78e        0x2 
 .audio_dec_file_const
                0x060cc790       0x10 cpu\br28\tools\sdk.elf.o
 *(.audio_dec_pcm_code)
 .audio_dec_pcm_code
                0x060cc7a0      0x168 cpu\br28\tools\sdk.elf.o
 *(.audio_dec_pcm_const)
 .audio_dec_pcm_const
                0x060cc908       0x2c cpu\br28\tools\sdk.elf.o
 *(.audio_resample_code)
 .audio_resample_code
                0x060cc934       0x84 cpu\br28\tools\sdk.elf.o
 *(.audio_resample_const)
 *(.audio_splicing_code)
 .audio_splicing_code
                0x060cc9b8      0x5a6 cpu\br28\tools\sdk.elf.o
 *(.audio_splicing_const)
 *(.channel_switch_code)
 .channel_switch_code
                0x060ccf5e      0x268 cpu\br28\tools\sdk.elf.o
 *(.channel_switch_const)
 *(.aptx_decoder_code)
 *(.aptx_decoder_const)
 *(.ldac_decoder_code)
 *(.ldac_decoder_const)
 *(.speex_encoder_code)
 *(.speex_encoder_const)
 *(.sbc_encoder_code)
 *(.sbc_encoder_const)
 *(.sbc_eng_code)
 .sbc_eng_code  0x060cd1c6       0xc8 cpu\br28\tools\sdk.elf.o
 *(.sbc_eng_const)
 *(.opus_encoder_code)
 *(.opus_encoder_const)
 *(.prevent_task_fill_code)
 *(.prevent_task_fill_const)
 *(.audio_cfifo_code)
 .audio_cfifo_code
                0x060cd28e       0xfe cpu\br28\tools\sdk.elf.o
 *(.audio_cfifo_const)
 *(.audio_track_code)
 .audio_track_code
                0x060cd38c       0xf8 cpu\br28\tools\sdk.elf.o
 *(.audio_track_const)
 *(.audio_adc_code)
 .audio_adc_code
                0x060cd484     0x15c0 cpu\br28\tools\sdk.elf.o
 *(.audio_adc_const)
 .audio_adc_const
                0x060cea44      0x4bc cpu\br28\tools\sdk.elf.o
 *(.audio_dac_code)
 *(.audio_dac_const)
 *(.audio_linein_code)
 *(.audio_linein_const)
 *(.audio_link_code)
 *(.audio_link_const)
 *(.audio_sample_sync_code)
 *(.audio_sample_sync_const)
 *(.audio_wireless_sync_code)
 *(.audio_wireless_sync_const)
 *(.audio_spdif_code)
 *(.audio_spdif_const)
 *(.audio_src_code)
 *(.audio_src_const)
 *(.audio_src_base_code)
 *(.audio_src_base_const)
 *(.effectrs_sync_code)
 *(.effectrs_sync_const)
 *(.eq_design_code)
 *(.eq_design_const)
 *(.iic_code)
 *(.iic_const)
 *(.mic_cap_code)
 *(.mic_cap_const)
 *(.sbc_hwaccel_code)
 *(.sbc_hwaccel_const)
 *(.audio_gain_code)
 *(.audio_gain_const)
                0x060cef00                . = ALIGN (0x4)
                0x060cef00                _audio_decoder_begin = .
                0x060cef00                PROVIDE (audio_decoder_begin, .)
 *(.audio_decoder)
 .audio_decoder
                0x060cef00      0x3fc cpu\br28\tools\sdk.elf.o
                0x060cef00                aac_decoder
                0x060cef44                wma_decoder
                0x060cef88                alac_decoder
                0x060cefcc                wtgv2_decoder
                0x060cf010                wav_decoder
                0x060cf054                m4a_decoder
                0x060cf098                g729_decoder
                0x060cf0dc                mp3_decoder
                0x060cf120                pcm_decoder
                0x060cf164                sbc_decoder
                0x060cf1a8                jla_decoder
                0x060cf1ec                msbc_decoder
                0x060cf230                amr_decoder
                0x060cf274                dts_decoder
                0x060cf2b8                cvsd_decoder
                0x060cf2fc                _audio_decoder_end = .
                0x060cf2fc                PROVIDE (audio_decoder_end, .)
                0x060cf2fc                _audio_encoder_begin = .
                0x060cf2fc                PROVIDE (audio_encoder_begin, .)
 *(.audio_encoder)
 .audio_encoder
                0x060cf2fc       0x80 cpu\br28\tools\sdk.elf.o
                0x060cf2fc                cvsd_encoder
                0x060cf31c                msbc_encoder
                0x060cf33c                jla_encoder
                0x060cf35c                mp3_encoder
                0x060cf37c                _audio_encoder_end = .
                0x060cf37c                PROVIDE (audio_encoder_end, .)
                0x060cf37c                _audio_package_begin = .
                [!provide]                PROVIDE (audio_package_begin, .)
 *(.audio_package)
                0x060cf37c                _audio_package_end = .